Product: MDK-ARM Standard 5.10
Component: ARM Compiler 5.04 update 1 (build 49)
Tool: armlink [5040049]

==============================================================================

Section Cross References

    main.o(.text) refers to system.o(.text) for Stm32_Clock_Init
    main.o(.text) refers to delay.o(.text) for delay_init
    main.o(.text) refers to hw_gpio.o(.text) for HW_GPIO_Init
    main.o(.text) refers to hw_eeprom.o(.text) for HW_EEPROM_Init
    main.o(.text) refers to hw_usart.o(.text) for HW_USART_Init
    main.o(.text) refers to hw_exti.o(.text) for HW_EXTI_Init
    main.o(.text) refers to hw_tim.o(.text) for HW_TIM_Init
    main.o(.text) refers to serial.o(.text) for serial_init
    main.o(.text) refers to settings.o(.text) for settings_init
    main.o(.text) refers to stepper.o(.text) for st_init
    main.o(.text) refers to stm32f10x_nvic.o(.text) for NVIC_RESETPRIMASK
    main.o(.text) refers to rt_memclr_w.o(.text) for __aeabi_memclr4
    main.o(.text) refers to planner.o(.text) for plan_init
    main.o(.text) refers to gcode.o(.text) for gc_init
    main.o(.text) refers to protocol.o(.text) for protocol_init
    main.o(.text) refers to spindle_control.o(.text) for spindle_init
    main.o(.text) refers to coolant_control.o(.text) for coolant_init
    main.o(.text) refers to limits.o(.text) for limits_init
    main.o(.text) refers to nuts_bolts.o(.text) for sys_sync_current_position
    main.o(.text) refers to report.o(.text) for report_feedback_message
    main.o(.text) refers to main.o(.bss) for sys
    main.o(.text) refers to settings.o(.bss) for settings
    stm32f10x_rcc.o(.text) refers to stm32f10x_rcc.o(.constdata) for APBAHBPrescTable
    stm32f10x_nvic.o(.text) refers to cortexm3_macro.o(.text) for __SETPRIMASK
    stm32f10x_usart.o(.text) refers to stm32f10x_rcc.o(.text) for RCC_APB2PeriphResetCmd
    stm32f10x_vector.o(STACK) refers (Special) to heapauxi.o(.text) for __use_two_region_memory
    stm32f10x_vector.o(HEAP) refers (Special) to heapauxi.o(.text) for __use_two_region_memory
    stm32f10x_vector.o(RESET) refers (Special) to heapauxi.o(.text) for __use_two_region_memory
    stm32f10x_vector.o(RESET) refers to stm32f10x_vector.o(STACK) for __initial_sp
    stm32f10x_vector.o(RESET) refers to stm32f10x_vector.o(.text) for Reset_Handler
    stm32f10x_vector.o(RESET) refers to stm32f10x_it.o(.text) for NMIException
    stm32f10x_vector.o(RESET) refers to protocol.o(.text) for EXTI0_IRQHandler
    stm32f10x_vector.o(RESET) refers to hw_exti.o(.text) for EXTI3_IRQHandler
    stm32f10x_vector.o(RESET) refers to limits.o(.text) for EXTI9_5_IRQHandler
    stm32f10x_vector.o(RESET) refers to stepper.o(.text) for TIM3_IRQHandler
    stm32f10x_vector.o(RESET) refers to serial.o(.text) for USART1_IRQHandler
    stm32f10x_vector.o(.text) refers (Special) to heapauxi.o(.text) for __use_two_region_memory
    stm32f10x_vector.o(.text) refers to __main.o(!!!main) for __main
    stm32f10x_vector.o(.text) refers to stm32f10x_vector.o(HEAP) for Heap_Mem
    stm32f10x_vector.o(.text) refers to stm32f10x_vector.o(STACK) for Stack_Mem
    system.o(.text) refers to stm32f10x_rcc.o(.text) for RCC_DeInit
    delay.o(.text) refers to delay.o(.data) for fac_us
    hw_eeprom.o(.text) refers to nuts_bolts.o(.text) for delay_us
    hw_eeprom.o(.text) refers to rt_memclr.o(.text) for __aeabi_memclr
    hw_eeprom.o(.text) refers to hw_eeprom.o(.bss) for STMFLASH_BUF
    hw_tim.o(.text) refers to system.o(.text) for MY_NVIC_Init
    hw_usart.o(.text) refers to stm32f10x_usart.o(.text) for USART_Init
    hw_usart.o(.text) refers to system.o(.text) for MY_NVIC_Init
    hw_exti.o(.text) refers to system.o(.text) for Ex_NVIC_Config
    stepper.o(.text) refers to nuts_bolts.o(.text) for delay_ms
    stepper.o(.text) refers to stm32f10x_nvic.o(.text) for NVIC_RESETPRIMASK
    stepper.o(.text) refers to planner.o(.text) for plan_get_current_block
    stepper.o(.text) refers to settings.o(.bss) for settings
    stepper.o(.text) refers to main.o(.bss) for sys
    stepper.o(.text) refers to stepper.o(.data) for out_bits
    stepper.o(.text) refers to stepper.o(.bss) for st
    stepper.o(.text) refers to rt_memclr_w.o(.text) for __aeabi_memclr4
    serial.o(.text) refers to stm32f10x_usart.o(.text) for USART_ITConfig
    serial.o(.text) refers to motion_control.o(.text) for mc_reset
    serial.o(.text) refers to serial.o(.data) for tx_buffer_head
    serial.o(.text) refers to main.o(.bss) for sys
    serial.o(.text) refers to serial.o(.bss) for tx_buffer
    limits.o(.text) refers to motion_control.o(.text) for mc_reset
    limits.o(.text) refers to f2d.o(x$fpl$f2d) for __aeabi_f2d
    limits.o(.text) refers to daddsub_clz.o(x$fpl$dadd) for __aeabi_dadd
    limits.o(.text) refers to dfixu.o(x$fpl$dfixu) for __aeabi_d2uiz
    limits.o(.text) refers to dflt_clz.o(x$fpl$dfltu) for __aeabi_ui2d
    limits.o(.text) refers to sqrt.o(i.sqrt) for sqrt
    limits.o(.text) refers to ddiv.o(x$fpl$ddiv) for __aeabi_ddiv
[...]
    .ARM.Collect$$libinit$$0000000A          0x080001a6   Section        0  libinit2.o(.ARM.Collect$$libinit$$0000000A)
    .ARM.Collect$$libinit$$0000000C          0x080001a6   Section        0  libinit2.o(.ARM.Collect$$libinit$$0000000C)
    .ARM.Collect$$libinit$$0000000F          0x080001a6   Section        0  libinit2.o(.ARM.Collect$$libinit$$0000000F)
    .ARM.Collect$$libinit$$00000011          0x080001a6   Section        0  libinit2.o(.ARM.Collect$$libinit$$00000011)
    .ARM.Collect$$libinit$$00000013          0x080001a6   Section        0  libinit2.o(.ARM.Collect$$libinit$$00000013)
    .ARM.Collect$$libinit$$00000015          0x080001a6   Section        0  libinit2.o(.ARM.Collect$$libinit$$00000015)
    .ARM.Collect$$libinit$$00000017          0x080001a6   Section        0  libinit2.o(.ARM.Collect$$libinit$$00000017)
    .ARM.Collect$$libinit$$00000019          0x080001a6   Section        0  libinit2.o(.ARM.Collect$$libinit$$00000019)
    .ARM.Collect$$libinit$$0000001B          0x080001a6   Section        0  libinit2.o(.ARM.Collect$$libinit$$0000001B)
    .ARM.Collect$$libinit$$0000001D          0x080001a6   Section        0  libinit2.o(.ARM.Collect$$libinit$$0000001D)
    .ARM.Collect$$libinit$$0000001F          0x080001a6   Section        0  libinit2.o(.ARM.Collect$$libinit$$0000001F)
    .ARM.Collect$$libinit$$00000021          0x080001a6   Section        0  libinit2.o(.ARM.Collect$$libinit$$00000021)
    .ARM.Collect$$libinit$$00000023          0x080001a6   Section        0  libinit2.o(.ARM.Collect$$libinit$$00000023)
    .ARM.Collect$$libinit$$0000002A          0x080001a6   Section        0  libinit2.o(.ARM.Collect$$libinit$$0000002A)
    .ARM.Collect$$libinit$$0000002C          0x080001a6   Section        0  libinit2.o(.ARM.Collect$$libinit$$0000002C)
    .ARM.Collect$$libinit$$0000002E          0x080001a6   Section        0  libinit2.o(.ARM.Collect$$libinit$$0000002E)
    .ARM.Collect$$libinit$$00000030          0x080001a6   Section        0  libinit2.o(.ARM.Collect$$libinit$$00000030)
    .ARM.Collect$$libinit$$00000031          0x080001a6   Section        2  libinit2.o(.ARM.Collect$$libinit$$00000031)
    .ARM.Collect$$libshutdown$$00000000      0x080001a8   Section        2  libshutdown.o(.ARM.Collect$$libshutdown$$00000000)
    .ARM.Collect$$libshutdown$$00000003      0x080001aa   Section        0  libshutdown2.o(.ARM.Collect$$libshutdown$$00000003)
    .ARM.Collect$$libshutdown$$00000006      0x080001aa   Section        0  libshutdown2.o(.ARM.Collect$$libshutdown$$00000006)
    .ARM.Collect$$libshutdown$$00000009      0x080001aa   Section        0  libshutdown2.o(.ARM.Collect$$libshutdown$$00000009)
    .ARM.Collect$$libshutdown$$0000000B      0x080001aa   Section        0  libshutdown2.o(.ARM.Collect$$libshutdown$$0000000B)
    .ARM.Collect$$libshutdown$$0000000E      0x080001aa   Section        0  libshutdown2.o(.ARM.Collect$$libshutdown$$0000000E)
    .ARM.Collect$$libshutdown$$0000000F      0x080001aa   Section        2  libshutdown2.o(.ARM.Collect$$libshutdown$$0000000F)
    .ARM.Collect$$rtentry$$00000000          0x080001ac   Section        0  rtentry.o(.ARM.Collect$$rtentry$$00000000)
    .ARM.Collect$$rtentry$$00000002          0x080001ac   Section        0  rtentry2.o(.ARM.Collect$$rtentry$$00000002)
    .ARM.Collect$$rtentry$$00000004          0x080001ac   Section        6  rtentry4.o(.ARM.Collect$$rtentry$$00000004)
    .ARM.Collect$$rtentry$$00000009          0x080001b2   Section        0  rtentry2.o(.ARM.Collect$$rtentry$$00000009)
    .ARM.Collect$$rtentry$$0000000A          0x080001b2   Section        4  rtentry2.o(.ARM.Collect$$rtentry$$0000000A)
    .ARM.Collect$$rtentry$$0000000C          0x080001b6   Section        0  rtentry2.o(.ARM.Collect$$rtentry$$0000000C)
    .ARM.Collect$$rtentry$$0000000D          0x080001b6   Section        8  rtentry2.o(.ARM.Collect$$rtentry$$0000000D)
    .ARM.Collect$$rtexit$$00000000           0x080001be   Section        2  rtexit.o(.ARM.Collect$$rtexit$$00000000)
    .ARM.Collect$$rtexit$$00000002           0x080001c0   Section        0  rtexit2.o(.ARM.Collect$$rtexit$$00000002)
    .ARM.Collect$$rtexit$$00000003           0x080001c0   Section        4  rtexit2.o(.ARM.Collect$$rtexit$$00000003)
    .ARM.Collect$$rtexit$$00000004           0x080001c4   Section        6  rtexit2.o(.ARM.Collect$$rtexit$$00000004)
    .text                                    0x080001cc   Section        0  main.o(.text)
    .text                                    0x0800029c   Section        0  stm32f10x_it.o(.text)
    .text                                    0x0800031c   Section        0  stm32f10x_rcc.o(.text)
    .text                                    0x080006bc   Section        0  stm32f10x_nvic.o(.text)
    .text                                    0x08000a94   Section        0  stm32f10x_usart.o(.text)
    .text                                    0x08000e04   Section      122  cortexm3_macro.o(.text)
    .text                                    0x08000e80   Section       36  stm32f10x_vector.o(.text)
    .text                                    0x08000ea4   Section        0  system.o(.text)
    .text                                    0x08001094   Section        0  delay.o(.text)
    .text                                    0x08001144   Section        0  hw_gpio.o(.text)
    .text                                    0x080012d4   Section        0  hw_eeprom.o(.text)
    .text                                    0x080015d4   Section        0  hw_tim.o(.text)
    .text                                    0x08001620   Section        0  hw_usart.o(.text)
    .text                                    0x080016a0   Section        0  hw_exti.o(.text)
    .text                                    0x08001744   Section        0  stepper.o(.text)
    iterate_trapezoid_cycle_counter          0x080017e7   Thumb Code    42  stepper.o(.text)
    config_step_timer                        0x08001811   Thumb Code   120  stepper.o(.text)
    set_step_events_per_minute               0x08001889   Thumb Code    40  stepper.o(.text)
    .text                                    0x08001fb4   Section        0  serial.o(.text)
    .text                                    0x0800210c   Section        0  limits.o(.text)
    homing_cycle                             0x0800216b   Thumb Code  1132  limits.o(.text)
    .text                                    0x08002650   Section        0  protocol.o(.text)
    protocol_reset_line_buffer               0x08002651   Thumb Code    12  protocol.o(.text)
    .text                                    0x08002acc   Section        0  spindle_control.o(.text)
    .text                                    0x08002b38   Section        0  coolant_control.o(.text)
    .text                                    0x08002b88   Section        0  nuts_bolts.o(.text)
    .text                                    0x08002d58   Section        0  eeprom.o(.text)
    .text                                    0x08002e18   Section        0  report.o(.text)
    .text                                    0x08003b20   Section        0  print.o(.text)
    print_uint32_base10                      0x08003b85   Thumb Code    74  print.o(.text)
    .text                                    0x08003cec   Section        0  settings.o(.text)
    .text                                    0x08004118   Section        0  motion_control.o(.text)
    .text                                    0x080046c8   Section        0  gcode.o(.text)
    select_plane                             0x080046c9   Thumb Code    10  gcode.o(.text)
    to_millimeters                           0x08004757   Thumb Code    48  gcode.o(.text)
    next_statement                           0x08004787   Thumb Code    84  gcode.o(.text)
    .text                                    0x08005404   Section        0  planner.o(.text)
    next_block_index                         0x08005405   Thumb Code    12  planner.o(.text)
    prev_block_index                         0x08005411   Thumb Code    10  planner.o(.text)
    estimate_acceleration_distance           0x0800541b   Thumb Code    60  planner.o(.text)
    intersection_distance                    0x08005457   Thumb Code    90  planner.o(.text)
    max_allowable_speed                      0x080054b1   Thumb Code    68  planner.o(.text)
    planner_reverse_pass_kernel              0x080054f5   Thumb Code   112  planner.o(.text)
    planner_reverse_pass                     0x08005565   Thumb Code    58  planner.o(.text)
    planner_forward_pass_kernel              0x0800559f   Thumb Code   108  planner.o(.text)
    planner_forward_pass                     0x0800560b   Thumb Code    68  planner.o(.text)
    calculate_trapezoid_for_block            0x0800564f   Thumb Code   346  planner.o(.text)
    planner_recalculate_trapezoids           0x080057a9   Thumb Code   152  planner.o(.text)
    planner_recalculate                      0x08005841   Thumb Code    16  planner.o(.text)
    .text                                    0x08005efc   Section       68  rt_memclr.o(.text)
    .text                                    0x08005f40   Section       78  rt_memclr_w.o(.text)
    .text                                    0x08005f8e   Section        0  heapauxi.o(.text)
    .text                                    0x08005f94   Section        0  _rserrno.o(.text)
    .text                                    0x08005fac   Section        8  rt_errno_addr_intlibspace.o(.text)
    .text                                    0x08005fb4   Section        8  libspace.o(.text)
    .text                                    0x08005fbc   Section       74  sys_stackheap_outer.o(.text)
    .text                                    0x08006006   Section        0  exit.o(.text)
    .text                                    0x08006014   Section        0  sys_exit.o(.text)
    .text                                    0x08006020   Section        2  use_no_semi.o(.text)
    .text                                    0x08006022   Section        0  indicate_semi.o(.text)
    i.__ARM_fpclassify                       0x08006022   Section        0  fpclassify.o(i.__ARM_fpclassify)
    i.__ieee754_rem_pio2                     0x0800604c   Section        0  rred.o(i.__ieee754_rem_pio2)
    i.__kernel_cos                           0x080063d4   Section        0  cos_i.o(i.__kernel_cos)
    i.__kernel_poly                          0x080064d0   Section        0  poly.o(i.__kernel_poly)
    i.__kernel_sin                           0x0800657c   Section        0  sin_i.o(i.__kernel_sin)
    i.__mathlib_dbl_underflow                0x08006668   Section        0  dunder.o(i.__mathlib_dbl_underflow)
    i.atan                                   0x08006678   Section        0  atan.o(i.atan)
    i.atan2                                  0x0800689c   Section        0  atan2.o(i.atan2)
    i.ceil                                   0x08006a1c   Section        0  ceil.o(i.ceil)
    i.cos                                    0x08006af8   Section        0  cos.o(i.cos)
    i.floor                                  0x08006ba4   Section        0  floor.o(i.floor)
    i.hypot                                  0x08006c80   Section        0  hypot.o(i.hypot)
    i.sin                                    0x08006f1c   Section        0  sin.o(i.sin)
    i.sqrt                                   0x08006fcc   Section        0  sqrt.o(i.sqrt)
    x$fpl$d2f                                0x08007018   Section       98  d2f.o(x$fpl$d2f)
    x$fpl$dadd                               0x0800707c   Section      336  daddsub_clz.o(x$fpl$dadd)
    _dadd1                                   0x0800708d   Thumb Code     0  daddsub_clz.o(x$fpl$dadd)
    x$fpl$dcheck1                            0x080071cc   Section       16  dcheck1.o(x$fpl$dcheck1)
    x$fpl$dcmpinf                            0x080071dc   Section       24  dcmpi.o(x$fpl$dcmpinf)
    x$fpl$ddiv                               0x080071f4   Section      688  ddiv.o(x$fpl$ddiv)
    ddiv_entry                               0x080071fb   Thumb Code     0  ddiv.o(x$fpl$ddiv)
    x$fpl$deqf                               0x080074a4   Section      120  deqf.o(x$fpl$deqf)
    x$fpl$dfix                               0x0800751c   Section       94  dfix.o(x$fpl$dfix)
    x$fpl$dfixu                              0x0800757c   Section       90  dfixu.o(x$fpl$dfixu)
    x$fpl$dflt                               0x080075d6   Section       46  dflt_clz.o(x$fpl$dflt)
    x$fpl$dfltu                              0x08007604   Section       38  dflt_clz.o(x$fpl$dfltu)
    x$fpl$dleqf                              0x0800762c   Section      120  dleqf.o(x$fpl$dleqf)
    x$fpl$dmul                               0x080076a4   Section      340  dmul.o(x$fpl$dmul)
    x$fpl$dnaninf                            0x080077f8   Section      156  dnaninf.o(x$fpl$dnaninf)
    x$fpl$dretinf                            0x08007894   Section       12  dretinf.o(x$fpl$dretinf)
    x$fpl$drleqf                             0x080078a0   Section      108  drleqf.o(x$fpl$drleqf)
    x$fpl$drsb                               0x0800790c   Section       22  daddsub_clz.o(x$fpl$drsb)
    x$fpl$dsqrt                              0x08007924   Section      460  dsqrt_noumaal.o(x$fpl$dsqrt)
    x$fpl$dsub                               0x08007af0   Section      468  daddsub_clz.o(x$fpl$dsub)
    _dsub1                                   0x08007b01   Thumb Code     0  daddsub_clz.o(x$fpl$dsub)
    x$fpl$f2d                                0x08007cc4   Section       86  f2d.o(x$fpl$f2d)
    x$fpl$fadd                               0x08007d1c   Section      196  faddsub_clz.o(x$fpl$fadd)
    _fadd1                                   0x08007d2b   Thumb Code     0  faddsub_clz.o(x$fpl$fadd)
    x$fpl$fcmpinf                            0x08007de0   Section       24  fcmpi.o(x$fpl$fcmpinf)
    x$fpl$fdiv                               0x08007df8   Section      388  fdiv.o(x$fpl$fdiv)
    _fdiv1                                   0x08007df9   Thumb Code     0  fdiv.o(x$fpl$fdiv)
    x$fpl$feqf                               0x08007f7c   Section      104  feqf.o(x$fpl$feqf)
    x$fpl$ffix                               0x08007fe4   Section       54  ffix.o(x$fpl$ffix)
    x$fpl$ffixu                              0x0800801c   Section       62  ffixu.o(x$fpl$ffixu)
    x$fpl$fflt                               0x0800805c   Section       48  fflt_clz.o(x$fpl$fflt)
    x$fpl$ffltu                              0x0800808c   Section       38  fflt_clz.o(x$fpl$ffltu)
    x$fpl$fleqf                              0x080080b4   Section      104  fleqf.o(x$fpl$fleqf)
    x$fpl$fmul                               0x0800811c   Section      258  fmul.o(x$fpl$fmul)
    x$fpl$fnaninf                            0x0800821e   Section      140  fnaninf.o(x$fpl$fnaninf)
    x$fpl$fretinf                            0x080082aa   Section       10  fretinf.o(x$fpl$fretinf)
    x$fpl$frleqf                             0x080082b4   Section       98  frleqf.o(x$fpl$frleqf)
    x$fpl$frsb                               0x08008316   Section       20  faddsub_clz.o(x$fpl$frsb)
    x$fpl$fsub                               0x0800832c   Section      234  faddsub_clz.o(x$fpl$fsub)
    _fsub1                                   0x0800833b   Thumb Code     0  faddsub_clz.o(x$fpl$fsub)
    x$fpl$retnan                             0x08008416   Section      100  retnan.o(x$fpl$retnan)
    x$fpl$scalbn                             0x0800847a   Section       92  scalbn.o(x$fpl$scalbn)
    x$fpl$trapveneer                         0x080084d6   Section       48  trapv.o(x$fpl$trapveneer)
    .constdata                               0x08008506   Section       20  stm32f10x_rcc.o(.constdata)
    x$fpl$usenofp                            0x08008506   Section        0  usenofp.o(x$fpl$usenofp)
    APBAHBPrescTable                         0x08008506   Data          16  stm32f10x_rcc.o(.constdata)
    ADCPrescTable                            0x08008516   Data           4  stm32f10x_rcc.o(.constdata)
    .constdata                               0x08008520   Section      152  atan.o(.constdata)
    atanhi                                   0x08008520   Data          32  atan.o(.constdata)
    atanlo                                   0x08008540   Data          32  atan.o(.constdata)
    aTodd                                    0x08008560   Data          40  atan.o(.constdata)
    aTeven                                   0x08008588   Data          48  atan.o(.constdata)
    .constdata                               0x080085b8   Section       48  cos_i.o(.constdata)
    C                                        0x080085b8   Data          48  cos_i.o(.constdata)
    .constdata                               0x080085e8   Section        8  qnan.o(.constdata)
    .constdata                               0x080085f0   Section      200  rred.o(.constdata)
    pio2s                                    0x080085f0   Data          48  rred.o(.constdata)
    twooverpi                                0x08008620   Data         152  rred.o(.constdata)
    .constdata                               0x080086b8   Section       40  sin_i.o(.constdata)
    S                                        0x080086b8   Data          40  sin_i.o(.constdata)
    .conststring                             0x080086e0   Section      302  report.o(.conststring)
    .data                                    0x20000000   Section        4  delay.o(.data)
    fac_us                                   0x20000000   Data           1  delay.o(.data)
    fac_ms                                   0x20000002   Data           2  delay.o(.data)
    .data                                    0x20000004   Section        7  stepper.o(.data)
    current_block                            0x20000004   Data           4  stepper.o(.data)
    step_pulse_time                          0x20000008   Data           1  stepper.o(.data)
    out_bits                                 0x20000009   Data           1  stepper.o(.data)
    busy                                     0x2000000a   Data           1  stepper.o(.data)
    .data                                    0x2000000b   Section        4  serial.o(.data)
    .data                                    0x2000000f   Section        2  protocol.o(.data)
    char_counter                             0x2000000f   Data           1  protocol.o(.data)
    iscomment                                0x20000010   Data           1  protocol.o(.data)
    .data                                    0x20000011   Section        1  spindle_control.o(.data)
    current_direction                        0x20000011   Data           1  spindle_control.o(.data)
    .data                                    0x20000012   Section        1  coolant_control.o(.data)
    current_coolant_mode                     0x20000012   Data           1  coolant_control.o(.data)
    .data                                    0x20000013   Section        3  planner.o(.data)
    block_buffer_head                        0x20000013   Data           1  planner.o(.data)
    block_buffer_tail                        0x20000014   Data           1  planner.o(.data)
    next_buffer_head                         0x20000015   Data           1  planner.o(.data)
    .bss                                     0x20000018   Section       20  main.o(.bss)
    .bss                                     0x2000002c   Section     2048  hw_eeprom.o(.bss)
    .bss                                     0x2000082c   Section       36  stepper.o(.bss)
    st                                       0x2000082c   Data          36  stepper.o(.bss)
    .bss                                     0x20000850   Section      192  serial.o(.bss)
    .bss                                     0x20000910   Section       70  protocol.o(.bss)
    line                                     0x20000910   Data          70  protocol.o(.bss)
    .bss                                     0x20000958   Section       64  settings.o(.bss)
    .bss                                     0x20000998   Section       56  gcode.o(.bss)
    .bss                                     0x200009d0   Section     1180  planner.o(.bss)
    block_buffer                             0x200009d0   Data        1152  planner.o(.bss)
    pl                                       0x20000e50   Data          28  planner.o(.bss)
    .bss                                     0x20000e6c   Section       96  libspace.o(.bss)
    HEAP                                     0x20000ed0   Section     1024  stm32f10x_vector.o(HEAP)
    Heap_Mem                                 0x20000ed0   Data        1024  stm32f10x_vector.o(HEAP)
    STACK                                    0x200012d0   Section     1024  stm32f10x_vector.o(STACK)
    Stack_Mem                                0x200012d0   Data        1024  stm32f10x_vector.o(STACK)
    __initial_sp                             0x200016d0   Data           0  stm32f10x_vector.o(STACK)

    Global Symbols

    Symbol Name                              Value     Ov Type        Size  Object(Section)

    BuildAttributes$$THM_ISAv4$P$D$K$B$S$PE$A:L22UL41UL21$X:L11$S22US41US21$IEEE1$IW$USESV6$~STKCKD$USESV7$~SHL$OTIME$ROPI$IEEEX$EBA8$UX$STANDARDLIB$REQ8$PRES8$EABIv2 0x00000000   Number         0  anon$$obj.o ABSOLUTE
    __ARM_use_no_argv                        0x00000000   Number         0  main.o ABSOLUTE
    __ARM_exceptions_init                     - Undefined Weak Reference
    __alloca_initialize                       - Undefined Weak Reference
    __cpp_initialize__aeabi_                  - Undefined Weak Reference
    __cxa_finalize                            - Undefined Weak Reference
    __rt_locale                               - Undefined Weak Reference
    __sigvec_lookup                           - Undefined Weak Reference
    _atexit_init                              - Undefined Weak Reference
    _call_atexit_fns                          - Undefined Weak Reference
    _clock_init                               - Undefined Weak Reference
    _fp_trap_init                             - Undefined Weak Reference
    _fp_trap_shutdown                         - Undefined Weak Reference
    _get_lc_collate                           - Undefined Weak Reference
    _get_lc_ctype                             - Undefined Weak Reference
    _get_lc_monetary                          - Undefined Weak Reference
    _get_lc_numeric                           - Undefined Weak Reference
    _get_lc_time                              - Undefined Weak Reference
    _getenv_init                              - Undefined Weak Reference
    _handle_redirection                       - Undefined Weak Reference
    _init_alloc                               - Undefined Weak Reference
    _init_user_alloc                          - Undefined Weak Reference
    _initio                                   - Undefined Weak Reference
    _rand_init                                - Undefined Weak Reference
    _signal_finish                            - Undefined Weak Reference
    _signal_init                              - Undefined Weak Reference
    _terminate_alloc                          - Undefined Weak Reference
    _terminate_user_alloc                     - Undefined Weak Reference
    _terminateio                              - Undefined Weak Reference
    __Vectors                                0x08000000   Data           4  stm32f10x_vector.o(RESET)
    __main                                   0x08000131   Thumb Code     8  __main.o(!!!main)
    __scatterload                            0x08000139   Thumb Code     0  __scatter.o(!!!scatter)
    __scatterload_rt2                        0x08000139   Thumb Code    44  __scatter.o(!!!scatter)
    __scatterload_rt2_thumb_only             0x08000139   Thumb Code     0  __scatter.o(!!!scatter)
    __scatterload_null                       0x08000147   Thumb Code     0  __scatter.o(!!!scatter)
    __scatterload_copy                       0x0800016d   Thumb Code    26  __scatter_copy.o(!!handler_copy)
    __scatterload_zeroinit                   0x08000189   Thumb Code    28  __scatter_zi.o(!!handler_zi)
    __rt_lib_init                            0x080001a5   Thumb Code     0  libinit.o(.ARM.Collect$$libinit$$00000000)
    __rt_lib_init_alloca_1                   0x080001a7   Thumb Code     0  libinit2.o(.ARM.Collect$$libinit$$0000002C)
    __rt_lib_init_argv_1                     0x080001a7   Thumb Code     0  libinit2.o(.ARM.Collect$$libinit$$0000002A)
    __rt_lib_init_atexit_1                   0x080001a7   Thumb Code     0  libinit2.o(.ARM.Collect$$libinit$$00000019)
    __rt_lib_init_clock_1                    0x080001a7   Thumb Code     0  libinit2.o(.ARM.Collect$$libinit$$0000001F)
    __rt_lib_init_cpp_1                      0x080001a7   Thumb Code     0  libinit2.o(.ARM.Collect$$libinit$$00000030)
    __rt_lib_init_exceptions_1               0x080001a7   Thumb Code     0  libinit2.o(.ARM.Collect$$libinit$$0000002E)
    __rt_lib_init_fp_1                       0x080001a7   Thumb Code     0  libinit2.o(.ARM.Collect$$libinit$$00000002)
    __rt_lib_init_fp_trap_1                  0x080001a7   Thumb Code     0  libinit2.o(.ARM.Collect$$libinit$$0000001D)
    __rt_lib_init_getenv_1                   0x080001a7   Thumb Code     0  libinit2.o(.ARM.Collect$$libinit$$00000021)
    __rt_lib_init_heap_1                     0x080001a7   Thumb Code     0  libinit2.o(.ARM.Collect$$libinit$$00000008)
    __rt_lib_init_lc_collate_1               0x080001a7   Thumb Code     0  libinit2.o(.ARM.Collect$$libinit$$0000000F)
    __rt_lib_init_lc_ctype_1                 0x080001a7   Thumb Code     0  libinit2.o(.ARM.Collect$$libinit$$00000011)
    __rt_lib_init_lc_monetary_1              0x080001a7   Thumb Code     0  libinit2.o(.ARM.Collect$$libinit$$00000013)
    __rt_lib_init_lc_numeric_1               0x080001a7   Thumb Code     0  libinit2.o(.ARM.Collect$$libinit$$00000015)
    __rt_lib_init_lc_time_1                  0x080001a7   Thumb Code     0  libinit2.o(.ARM.Collect$$libinit$$00000017)
    __rt_lib_init_rand_1                     0x080001a7   Thumb Code     0  libinit2.o(.ARM.Collect$$libinit$$0000000C)
    __rt_lib_init_return                     0x080001a7   Thumb Code     0  libinit2.o(.ARM.Collect$$libinit$$00000031)
    __rt_lib_init_signal_1                   0x080001a7   Thumb Code     0  libinit2.o(.ARM.Collect$$libinit$$0000001B)
    __rt_lib_init_stdio_1                    0x080001a7   Thumb Code     0  libinit2.o(.ARM.Collect$$libinit$$00000023)
    __rt_lib_init_user_alloc_1               0x080001a7   Thumb Code     0  libinit2.o(.ARM.Collect$$libinit$$0000000A)
    __rt_lib_shutdown                        0x080001a9   Thumb Code     0  libshutdown.o(.ARM.Collect$$libshutdown$$00000000)
    __rt_lib_shutdown_fp_trap_1              0x080001ab   Thumb Code     0  libshutdown2.o(.ARM.Collect$$libshutdown$$00000006)
    __rt_lib_shutdown_heap_1                 0x080001ab   Thumb Code     0  libshutdown2.o(.ARM.Collect$$libshutdown$$0000000E)
    __rt_lib_shutdown_return                 0x080001ab   Thumb Code     0  libshutdown2.o(.ARM.Collect$$libshutdown$$0000000F)
    __rt_lib_shutdown_signal_1               0x080001ab   Thumb Code     0  libshutdown2.o(.ARM.Collect$$libshutdown$$00000009)
    __rt_lib_shutdown_stdio_1                0x080001ab   Thumb Code     0  libshutdown2.o(.ARM.Collect$$libshutdown$$00000003)
    __rt_lib_shutdown_user_alloc_1           0x080001ab   Thumb Code     0  libshutdown2.o(.ARM.Collect$$libshutdown$$0000000B)
    __rt_entry                               0x080001ad   Thumb Code     0  rtentry.o(.ARM.Collect$$rtentry$$00000000)
    __rt_entry_presh_1                       0x080001ad   Thumb Code     0  rtentry2.o(.ARM.Collect$$rtentry$$00000002)
    __rt_entry_sh                            0x080001ad   Thumb Code     0  rtentry4.o(.ARM.Collect$$rtentry$$00000004)
    __rt_entry_li                            0x080001b3   Thumb Code     0  rtentry2.o(.ARM.Collect$$rtentry$$0000000A)
    __rt_entry_postsh_1                      0x080001b3   Thumb Code     0  rtentry2.o(.ARM.Collect$$rtentry$$00000009)
    __rt_entry_main                          0x080001b7   Thumb Code     0  rtentry2.o(.ARM.Collect$$rtentry$$0000000D)
    __rt_entry_postli_1                      0x080001b7   Thumb Code     0  rtentry2.o(.ARM.Collect$$rtentry$$0000000C)
    __rt_exit                                0x080001bf   Thumb Code     0  rtexit.o(.ARM.Collect$$rtexit$$00000000)
    __rt_exit_ls                             0x080001c1   Thumb Code     0  rtexit2.o(.ARM.Collect$$rtexit$$00000003)
    __rt_exit_prels_1                        0x080001c1   Thumb Code     0  rtexit2.o(.ARM.Collect$$rtexit$$00000002)
    __rt_exit_exit                           0x080001c5   Thumb Code     0  rtexit2.o(.ARM.Collect$$rtexit$$00000004)
    main                                     0x080001cd   Thumb Code   198  main.o(.text)
    NMIException                             0x0800029d   Thumb Code     2  stm32f10x_it.o(.text)
    HardFaultException                       0x0800029f   Thumb Code     4  stm32f10x_it.o(.text)
    MemManageException                       0x080002a3   Thumb Code     4  stm32f10x_it.o(.text)
    BusFaultException                        0x080002a7   Thumb Code     4  stm32f10x_it.o(.text)
    UsageFaultException                      0x080002ab   Thumb Code     4  stm32f10x_it.o(.text)
    DebugMonitor                             0x080002af   Thumb Code     2  stm32f10x_it.o(.text)
    SVCHandler                               0x080002b1   Thumb Code     2  stm32f10x_it.o(.text)
    PendSVC                                  0x080002b3   Thumb Code     2  stm32f10x_it.o(.text)
    SysTickHandler                           0x080002b5   Thumb Code     2  stm32f10x_it.o(.text)
    WWDG_IRQHandler                          0x080002b7   Thumb Code     2  stm32f10x_it.o(.text)
    PVD_IRQHandler                           0x080002b9   Thumb Code     2  stm32f10x_it.o(.text)
    TAMPER_IRQHandler                        0x080002bb   Thumb Code     2  stm32f10x_it.o(.text)
    RTC_IRQHandler                           0x080002bd   Thumb Code     2  stm32f10x_it.o(.text)
    FLASH_IRQHandler                         0x080002bf   Thumb Code     2  stm32f10x_it.o(.text)
    RCC_IRQHandler                           0x080002c1   Thumb Code     2  stm32f10x_it.o(.text)
    DMA1_Channel1_IRQHandler                 0x080002c3   Thumb Code     2  stm32f10x_it.o(.text)
    DMA1_Channel2_IRQHandler                 0x080002c5   Thumb Code     2  stm32f10x_it.o(.text)
    DMA1_Channel3_IRQHandler                 0x080002c7   Thumb Code     2  stm32f10x_it.o(.text)
    DMA1_Channel4_IRQHandler                 0x080002c9   Thumb Code     2  stm32f10x_it.o(.text)
    DMA1_Channel5_IRQHandler                 0x080002cb   Thumb Code     2  stm32f10x_it.o(.text)
    DMA1_Channel6_IRQHandler                 0x080002cd   Thumb Code     2  stm32f10x_it.o(.text)
    DMA1_Channel7_IRQHandler                 0x080002cf   Thumb Code     2  stm32f10x_it.o(.text)
    ADC1_2_IRQHandler                        0x080002d1   Thumb Code     2  stm32f10x_it.o(.text)
    USB_HP_CAN_TX_IRQHandler                 0x080002d3   Thumb Code     2  stm32f10x_it.o(.text)
    USB_LP_CAN_RX0_IRQHandler                0x080002d5   Thumb Code     2  stm32f10x_it.o(.text)
    CAN_RX1_IRQHandler                       0x080002d7   Thumb Code     2  stm32f10x_it.o(.text)
    CAN_SCE_IRQHandler                       0x080002d9   Thumb Code     2  stm32f10x_it.o(.text)
    TIM1_BRK_IRQHandler                      0x080002db   Thumb Code     2  stm32f10x_it.o(.text)
    TIM1_UP_IRQHandler                       0x080002dd   Thumb Code     2  stm32f10x_it.o(.text)
    TIM1_TRG_COM_IRQHandler                  0x080002df   Thumb Code     2  stm32f10x_it.o(.text)
    TIM1_CC_IRQHandler                       0x080002e1   Thumb Code     2  stm32f10x_it.o(.text)
    TIM2_IRQHandler                          0x080002e3   Thumb Code     2  stm32f10x_it.o(.text)
    I2C1_EV_IRQHandler                       0x080002e5   Thumb Code     2  stm32f10x_it.o(.text)
    I2C1_ER_IRQHandler                       0x080002e7   Thumb Code     2  stm32f10x_it.o(.text)
    I2C2_EV_IRQHandler                       0x080002e9   Thumb Code     2  stm32f10x_it.o(.text)
    I2C2_ER_IRQHandler                       0x080002eb   Thumb Code     2  stm32f10x_it.o(.text)
    SPI1_IRQHandler                          0x080002ed   Thumb Code     2  stm32f10x_it.o(.text)
    SPI2_IRQHandler                          0x080002ef   Thumb Code     2  stm32f10x_it.o(.text)
    USART2_IRQHandler                        0x080002f1   Thumb Code     2  stm32f10x_it.o(.text)
    USART3_IRQHandler                        0x080002f3   Thumb Code     2  stm32f10x_it.o(.text)
    RTCAlarm_IRQHandler                      0x080002f5   Thumb Code     2  stm32f10x_it.o(.text)
    USBWakeUp_IRQHandler                     0x080002f7   Thumb Code     2  stm32f10x_it.o(.text)
    TIM8_BRK_IRQHandler                      0x080002f9   Thumb Code     2  stm32f10x_it.o(.text)
    TIM8_UP_IRQHandler                       0x080002fb   Thumb Code     2  stm32f10x_it.o(.text)
    TIM8_TRG_COM_IRQHandler                  0x080002fd   Thumb Code     2  stm32f10x_it.o(.text)
    TIM8_CC_IRQHandler                       0x080002ff   Thumb Code     2  stm32f10x_it.o(.text)
    ADC3_IRQHandler                          0x08000301   Thumb Code     2  stm32f10x_it.o(.text)
    FSMC_IRQHandler                          0x08000303   Thumb Code     2  stm32f10x_it.o(.text)
    SDIO_IRQHandler                          0x08000305   Thumb Code     2  stm32f10x_it.o(.text)
    TIM5_IRQHandler                          0x08000307   Thumb Code     2  stm32f10x_it.o(.text)
    SPI3_IRQHandler                          0x08000309   Thumb Code     2  stm32f10x_it.o(.text)
    UART4_IRQHandler                         0x0800030b   Thumb Code     2  stm32f10x_it.o(.text)
    UART5_IRQHandler                         0x0800030d   Thumb Code     2  stm32f10x_it.o(.text)
    TIM6_IRQHandler                          0x0800030f   Thumb Code     2  stm32f10x_it.o(.text)
    TIM7_IRQHandler                          0x08000311   Thumb Code     2  stm32f10x_it.o(.text)
    DMA2_Channel1_IRQHandler                 0x08000313   Thumb Code     2  stm32f10x_it.o(.text)
    DMA2_Channel2_IRQHandler                 0x08000315   Thumb Code     2  stm32f10x_it.o(.text)
    DMA2_Channel3_IRQHandler                 0x08000317   Thumb Code     2  stm32f10x_it.o(.text)
    DMA2_Channel4_5_IRQHandler               0x08000319   Thumb Code     2  stm32f10x_it.o(.text)
    RCC_DeInit                               0x0800031d   Thumb Code    62  stm32f10x_rcc.o(.text)
    RCC_HSEConfig                            0x0800035b   Thumb Code    70  stm32f10x_rcc.o(.text)
    RCC_GetFlagStatus                        0x080003a1   Thumb Code    56  stm32f10x_rcc.o(.text)
    RCC_WaitForHSEStartUp                    0x080003d9   Thumb Code    54  stm32f10x_rcc.o(.text)
    RCC_AdjustHSICalibrationValue            0x0800040f   Thumb Code    20  stm32f10x_rcc.o(.text)
    RCC_HSICmd                               0x08000423   Thumb Code     6  stm32f10x_rcc.o(.text)
    RCC_PLLConfig                            0x08000429   Thumb Code    24  stm32f10x_rcc.o(.text)
    RCC_PLLCmd                               0x08000441   Thumb Code     6  stm32f10x_rcc.o(.text)
    RCC_SYSCLKConfig                         0x08000447   Thumb Code    18  stm32f10x_rcc.o(.text)
    RCC_GetSYSCLKSource                      0x08000459   Thumb Code    10  stm32f10x_rcc.o(.text)
    RCC_HCLKConfig                           0x08000463   Thumb Code    18  stm32f10x_rcc.o(.text)
    RCC_PCLK1Config                          0x08000475   Thumb Code    18  stm32f10x_rcc.o(.text)
    RCC_PCLK2Config                          0x08000487   Thumb Code    20  stm32f10x_rcc.o(.text)
    RCC_ITConfig                             0x0800049b   Thumb Code    26  stm32f10x_rcc.o(.text)
    RCC_USBCLKConfig                         0x080004b5   Thumb Code     8  stm32f10x_rcc.o(.text)
    RCC_ADCCLKConfig                         0x080004bd   Thumb Code    18  stm32f10x_rcc.o(.text)
    RCC_LSEConfig                            0x080004cf   Thumb Code    50  stm32f10x_rcc.o(.text)
    RCC_LSICmd                               0x08000501   Thumb Code     6  stm32f10x_rcc.o(.text)
    RCC_RTCCLKConfig                         0x08000507   Thumb Code    12  stm32f10x_rcc.o(.text)
    RCC_RTCCLKCmd                            0x08000513   Thumb Code     8  stm32f10x_rcc.o(.text)
    RCC_GetClocksFreq                        0x0800051b   Thumb Code   192  stm32f10x_rcc.o(.text)
    RCC_AHBPeriphClockCmd                    0x080005db   Thumb Code    26  stm32f10x_rcc.o(.text)
    RCC_APB2PeriphClockCmd                   0x080005f5   Thumb Code    26  stm32f10x_rcc.o(.text)
    RCC_APB1PeriphClockCmd                   0x0800060f   Thumb Code    26  stm32f10x_rcc.o(.text)
    RCC_APB2PeriphResetCmd                   0x08000629   Thumb Code    26  stm32f10x_rcc.o(.text)
    RCC_APB1PeriphResetCmd                   0x08000643   Thumb Code    26  stm32f10x_rcc.o(.text)
    RCC_BackupResetCmd                       0x0800065d   Thumb Code     8  stm32f10x_rcc.o(.text)
    RCC_ClockSecuritySystemCmd               0x08000665   Thumb Code     6  stm32f10x_rcc.o(.text)
    RCC_MCOConfig                            0x0800066b   Thumb Code     6  stm32f10x_rcc.o(.text)
    RCC_ClearFlag                            0x08000671   Thumb Code    14  stm32f10x_rcc.o(.text)
    RCC_GetITStatus                          0x0800067f   Thumb Code    20  stm32f10x_rcc.o(.text)
    RCC_ClearITPendingBit                    0x08000693   Thumb Code     6  stm32f10x_rcc.o(.text)
    NVIC_DeInit                              0x080006bd   Thumb Code    54  stm32f10x_nvic.o(.text)
    NVIC_SCBDeInit                           0x080006f3   Thumb Code    76  stm32f10x_nvic.o(.text)
    NVIC_PriorityGroupConfig                 0x0800073f   Thumb Code    12  stm32f10x_nvic.o(.text)
    NVIC_Init                                0x0800074b   Thumb Code   152  stm32f10x_nvic.o(.text)
    NVIC_StructInit                          0x080007e3   Thumb Code    12  stm32f10x_nvic.o(.text)
    NVIC_SETPRIMASK                          0x080007ef   Thumb Code     8  stm32f10x_nvic.o(.text)
    NVIC_RESETPRIMASK                        0x080007f7   Thumb Code     8  stm32f10x_nvic.o(.text)
    NVIC_SETFAULTMASK                        0x080007ff   Thumb Code     8  stm32f10x_nvic.o(.text)
    NVIC_RESETFAULTMASK                      0x08000807   Thumb Code     8  stm32f10x_nvic.o(.text)
    NVIC_BASEPRICONFIG                       0x0800080f   Thumb Code    12  stm32f10x_nvic.o(.text)
    NVIC_GetBASEPRI                          0x0800081b   Thumb Code     8  stm32f10x_nvic.o(.text)
    NVIC_GetCurrentPendingIRQChannel         0x08000823   Thumb Code    10  stm32f10x_nvic.o(.text)
    NVIC_GetIRQChannelPendingBitStatus       0x0800082d   Thumb Code    42  stm32f10x_nvic.o(.text)
    NVIC_SetIRQChannelPendingBit             0x08000857   Thumb Code     6  stm32f10x_nvic.o(.text)
    NVIC_ClearIRQChannelPendingBit           0x0800085d   Thumb Code    20  stm32f10x_nvic.o(.text)
    NVIC_GetCurrentActiveHandler             0x08000871   Thumb Code    10  stm32f10x_nvic.o(.text)
    NVIC_GetIRQChannelActiveBitStatus        0x0800087b   Thumb Code    42  stm32f10x_nvic.o(.text)
    NVIC_GetCPUID                            0x080008a5   Thumb Code     8  stm32f10x_nvic.o(.text)
    NVIC_SetVectorTable                      0x080008ad   Thumb Code    14  stm32f10x_nvic.o(.text)
    NVIC_GenerateSystemReset                 0x080008bb   Thumb Code    12  stm32f10x_nvic.o(.text)
    NVIC_GenerateCoreReset                   0x080008c7   Thumb Code    12  stm32f10x_nvic.o(.text)
    NVIC_SystemLPConfig                      0x080008d3   Thumb Code    34  stm32f10x_nvic.o(.text)
    NVIC_SystemHandlerConfig                 0x080008f5   Thumb Code    48  stm32f10x_nvic.o(.text)
    NVIC_SystemHandlerPriorityConfig         0x08000925   Thumb Code   110  stm32f10x_nvic.o(.text)
    NVIC_GetSystemHandlerPendingBitStatus    0x08000993   Thumb Code    44  stm32f10x_nvic.o(.text)
    NVIC_SetSystemHandlerPendingBit          0x080009bf   Thumb Code    22  stm32f10x_nvic.o(.text)
    NVIC_ClearSystemHandlerPendingBit        0x080009d5   Thumb Code    26  stm32f10x_nvic.o(.text)
    NVIC_GetSystemHandlerActiveBitStatus     0x080009ef   Thumb Code    42  stm32f10x_nvic.o(.text)
    NVIC_GetFaultHandlerSources              0x08000a19   Thumb Code    66  stm32f10x_nvic.o(.text)
    NVIC_GetFaultAddress                     0x08000a5b   Thumb Code    28  stm32f10x_nvic.o(.text)
    USART_DeInit                             0x08000a95   Thumb Code   146  stm32f10x_usart.o(.text)
    USART_Init                               0x08000b27   Thumb Code   150  stm32f10x_usart.o(.text)
    USART_StructInit                         0x08000bbd   Thumb Code    24  stm32f10x_usart.o(.text)
    USART_ClockInit                          0x08000bd5   Thumb Code    34  stm32f10x_usart.o(.text)
    USART_ClockStructInit                    0x08000bf7   Thumb Code    12  stm32f10x_usart.o(.text)
    USART_Cmd                                0x08000c03   Thumb Code    24  stm32f10x_usart.o(.text)
    USART_ITConfig                           0x08000c1b   Thumb Code    64  stm32f10x_usart.o(.text)
    USART_DMACmd                             0x08000c5b   Thumb Code    18  stm32f10x_usart.o(.text)
    USART_SetAddress                         0x08000c6d   Thumb Code    18  stm32f10x_usart.o(.text)
    USART_WakeUpConfig                       0x08000c7f   Thumb Code    18  stm32f10x_usart.o(.text)
    USART_ReceiverWakeUpCmd                  0x08000c91   Thumb Code    24  stm32f10x_usart.o(.text)
    USART_LINBreakDetectLengthConfig         0x08000ca9   Thumb Code    18  stm32f10x_usart.o(.text)
    USART_LINCmd                             0x08000cbb   Thumb Code    24  stm32f10x_usart.o(.text)
    USART_SendData                           0x08000cd3   Thumb Code     8  stm32f10x_usart.o(.text)
    USART_ReceiveData                        0x08000cdb   Thumb Code    10  stm32f10x_usart.o(.text)
    USART_SendBreak                          0x08000ce5   Thumb Code    10  stm32f10x_usart.o(.text)
    USART_SetGuardTime                       0x08000cef   Thumb Code    16  stm32f10x_usart.o(.text)
    USART_SetPrescaler                       0x08000cff   Thumb Code    16  stm32f10x_usart.o(.text)
    USART_SmartCardCmd                       0x08000d0f   Thumb Code    24  stm32f10x_usart.o(.text)
    USART_SmartCardNACKCmd                   0x08000d27   Thumb Code    24  stm32f10x_usart.o(.text)
    USART_HalfDuplexCmd                      0x08000d3f   Thumb Code    24  stm32f10x_usart.o(.text)
    USART_IrDAConfig                         0x08000d57   Thumb Code    18  stm32f10x_usart.o(.text)
    USART_IrDACmd                            0x08000d69   Thumb Code    24  stm32f10x_usart.o(.text)
    USART_GetFlagStatus                      0x08000d81   Thumb Code    18  stm32f10x_usart.o(.text)
    USART_ClearFlag                          0x08000d93   Thumb Code     6  stm32f10x_usart.o(.text)
    USART_GetITStatus                        0x08000d99   Thumb Code    76  stm32f10x_usart.o(.text)
    USART_ClearITPendingBit                  0x08000de5   Thumb Code    20  stm32f10x_usart.o(.text)
    __WFI                                    0x08000e05   Thumb Code     0  cortexm3_macro.o(.text)
    __WFE                                    0x08000e09   Thumb Code     0  cortexm3_macro.o(.text)
    __SEV                                    0x08000e0d   Thumb Code     0  cortexm3_macro.o(.text)
    __ISB                                    0x08000e11   Thumb Code     0  cortexm3_macro.o(.text)
    __DSB                                    0x08000e17   Thumb Code     0  cortexm3_macro.o(.text)
    __DMB                                    0x08000e1d   Thumb Code     0  cortexm3_macro.o(.text)
    __SVC                                    0x08000e23   Thumb Code     0  cortexm3_macro.o(.text)
    __MRS_CONTROL                            0x08000e27   Thumb Code     0  cortexm3_macro.o(.text)
    __MSR_CONTROL                            0x08000e2d   Thumb Code     0  cortexm3_macro.o(.text)
    __MRS_PSP                                0x08000e37   Thumb Code     0  cortexm3_macro.o(.text)
    __MSR_PSP                                0x08000e3d   Thumb Code     0  cortexm3_macro.o(.text)
    __MRS_MSP                                0x08000e43   Thumb Code     0  cortexm3_macro.o(.text)
    __MSR_MSP                                0x08000e49   Thumb Code     0  cortexm3_macro.o(.text)
    __RESETPRIMASK                           0x08000e4f   Thumb Code     0  cortexm3_macro.o(.text)
    __SETPRIMASK                             0x08000e53   Thumb Code     0  cortexm3_macro.o(.text)
    __READ_PRIMASK                           0x08000e57   Thumb Code     0  cortexm3_macro.o(.text)
    __SETFAULTMASK                           0x08000e5d   Thumb Code     0  cortexm3_macro.o(.text)
    __RESETFAULTMASK                         0x08000e61   Thumb Code     0  cortexm3_macro.o(.text)
    __READ_FAULTMASK                         0x08000e65   Thumb Code     0  cortexm3_macro.o(.text)
    __BASEPRICONFIG                          0x08000e6b   Thumb Code     0  cortexm3_macro.o(.text)
    __GetBASEPRI                             0x08000e71   Thumb Code     0  cortexm3_macro.o(.text)
    __REV_HalfWord                           0x08000e77   Thumb Code     0  cortexm3_macro.o(.text)
    __REV_Word                               0x08000e7b   Thumb Code     0  cortexm3_macro.o(.text)
    Reset_Handler                            0x08000e81   Thumb Code     4  stm32f10x_vector.o(.text)
    __user_initial_stackheap                 0x08000e85   Thumb Code     0  stm32f10x_vector.o(.text)
    Stm32_Clock_Init                         0x08000ea5   Thumb Code   136  system.o(.text)
    MY_NVIC_SetVectorTable                   0x08000f2d   Thumb Code    12  system.o(.text)
    MY_NVIC_PriorityGroupConfig              0x08000f39   Thumb Code    36  system.o(.text)
    MY_NVIC_Init                             0x08000f5d   Thumb Code   144  system.o(.text)
    Ex_NVIC_Config                           0x08000fed   Thumb Code   128  system.o(.text)
    delay_init                               0x08001095   Thumb Code    56  delay.o(.text)
    _delay_us                                0x080010cd   Thumb Code    56  delay.o(.text)
    _delay_ms                                0x08001105   Thumb Code    56  delay.o(.text)
    HW_GPIO_Init                             0x08001145   Thumb Code   386  hw_gpio.o(.text)
    STMFLASH_Unlock                          0x080012d5   Thumb Code    12  hw_eeprom.o(.text)
    STMFLASH_Lock                            0x080012e1   Thumb Code    14  hw_eeprom.o(.text)
    STMFLASH_GetStatus                       0x080012ef   Thumb Code    38  hw_eeprom.o(.text)
    STMFLASH_WaitDone                        0x08001315   Thumb Code    42  hw_eeprom.o(.text)
    STMFLASH_ErasePage                       0x0800133f   Thumb Code    72  hw_eeprom.o(.text)
    STMFLASH_WriteHalfWord                   0x08001387   Thumb Code    58  hw_eeprom.o(.text)
    STMFLASH_ReadHalfWord                    0x080013c1   Thumb Code     6  hw_eeprom.o(.text)
    STMFLASH_Read                            0x080013c7   Thumb Code    34  hw_eeprom.o(.text)
    STMFLASH_Write_NoCheck                   0x080013e9   Thumb Code    38  hw_eeprom.o(.text)
    STMFLASH_Write                           0x0800140f   Thumb Code   222  hw_eeprom.o(.text)
    Test_Write                               0x080014ed   Thumb Code    16  hw_eeprom.o(.text)
    HW_EEPROM_Init                           0x080014fd   Thumb Code    26  hw_eeprom.o(.text)
    HW_EEPROM_getChar                        0x08001517   Thumb Code    58  hw_eeprom.o(.text)
    HW_EEPROM_putChar                        0x08001551   Thumb Code   104  hw_eeprom.o(.text)
    HW_TIM_Init                              0x080015d5   Thumb Code    64  hw_tim.o(.text)
    HW_USART_Init                            0x08001621   Thumb Code   116  hw_usart.o(.text)
    HW_EXTI_Init                             0x080016a1   Thumb Code   112  hw_exti.o(.text)
    EXTI3_IRQHandler                         0x08001711   Thumb Code     8  hw_exti.o(.text)
    EXTI4_IRQHandler                         0x08001719   Thumb Code     8  hw_exti.o(.text)
    EXTI15_10_IRQHandler                     0x08001721   Thumb Code    30  hw_exti.o(.text)
    st_wake_up                               0x08001745   Thumb Code    78  stepper.o(.text)
    st_go_idle                               0x08001793   Thumb Code    84  stepper.o(.text)
    TIM3_IRQHandler                          0x080018b1   Thumb Code  1226  stepper.o(.text)
    TIM4_IRQHandler                          0x08001d7b   Thumb Code   152  stepper.o(.text)
    st_reset                                 0x08001e13   Thumb Code    30  stepper.o(.text)
    st_init                                  0x08001e31   Thumb Code   230  stepper.o(.text)
    st_cycle_start                           0x08001f17   Thumb Code    22  stepper.o(.text)
    st_feed_hold                             0x08001f2d   Thumb Code    20  stepper.o(.text)
    st_cycle_reinitialize                    0x08001f41   Thumb Code   110  stepper.o(.text)
    serial_init                              0x08001fb5   Thumb Code     2  serial.o(.text)
    serial_write                             0x08001fb7   Thumb Code    68  serial.o(.text)
    serial_read                              0x08001ffb   Thumb Code    38  serial.o(.text)
    serial_reset_read_buffer                 0x08002021   Thumb Code    10  serial.o(.text)
    USART1_IRQHandler                        0x0800202b   Thumb Code   194  serial.o(.text)
    limits_init                              0x0800210d   Thumb Code    40  limits.o(.text)
    EXTI9_5_IRQHandler                       0x08002135   Thumb Code    54  limits.o(.text)
    limits_go_home                           0x080025d7   Thumb Code   110  limits.o(.text)
    protocol_init                            0x0800265d   Thumb Code    12  protocol.o(.text)
    protocol_execute_startup                 0x08002669   Thumb Code    58  protocol.o(.text)
    EXTI0_IRQHandler                         0x080026a3   Thumb Code    30  protocol.o(.text)
    EXTI1_IRQHandler                         0x080026c1   Thumb Code    32  protocol.o(.text)
    EXTI2_IRQHandler                         0x080026e1   Thumb Code    38  protocol.o(.text)
    protocol_execute_runtime                 0x08002707   Thumb Code   218  protocol.o(.text)
    protocol_execute_line                    0x080027e1   Thumb Code   518  protocol.o(.text)
    protocol_process                         0x080029e7   Thumb Code   216  protocol.o(.text)
    spindle_stop                             0x08002acd   Thumb Code    14  spindle_control.o(.text)
    spindle_init                             0x08002adb   Thumb Code    14  spindle_control.o(.text)
    spindle_run                              0x08002ae9   Thumb Code    72  spindle_control.o(.text)
    coolant_stop                             0x08002b39   Thumb Code    14  coolant_control.o(.text)
    coolant_init                             0x08002b47   Thumb Code    14  coolant_control.o(.text)
    coolant_run                              0x08002b55   Thumb Code    44  coolant_control.o(.text)
    read_float                               0x08002b89   Thumb Code   320  nuts_bolts.o(.text)
    delay_ms                                 0x08002cc9   Thumb Code    24  nuts_bolts.o(.text)
    delay_us                                 0x08002ce1   Thumb Code    66  nuts_bolts.o(.text)
    sys_sync_current_position                0x08002d23   Thumb Code    28  nuts_bolts.o(.text)
    eeprom_get_char                          0x08002d59   Thumb Code    24  eeprom.o(.text)
    eeprom_put_char                          0x08002d71   Thumb Code    24  eeprom.o(.text)
    memcpy_to_eeprom_with_checksum           0x08002d89   Thumb Code    66  eeprom.o(.text)
    memcpy_from_eeprom_with_checksum         0x08002dcb   Thumb Code    78  eeprom.o(.text)
    report_status_message                    0x08002e19   Thumb Code   156  report.o(.text)
    report_alarm_message                     0x08002eb5   Thumb Code    56  report.o(.text)
    report_feedback_message                  0x08002eed   Thumb Code    74  report.o(.text)
    report_init_message                      0x08002f37   Thumb Code    10  report.o(.text)
    report_grbl_help                         0x08002f41   Thumb Code    10  report.o(.text)
    report_grbl_settings                     0x08002f4b   Thumb Code  1436  report.o(.text)
    report_gcode_parameters                  0x080034e7   Thumb Code   316  report.o(.text)
    report_gcode_modes                       0x08003623   Thumb Code   400  report.o(.text)
    report_startup_line                      0x080037b3   Thumb Code    42  report.o(.text)
    report_realtime_status                   0x080037dd   Thumb Code   808  report.o(.text)
    printString                              0x08003b21   Thumb Code    22  print.o(.text)
    printPgmString                           0x08003b37   Thumb Code    26  print.o(.text)
    print_uint8_base2                        0x08003b51   Thumb Code    52  print.o(.text)
    printInteger                             0x08003bcf   Thumb Code    24  print.o(.text)
    printFloat                               0x08003be7   Thumb Code   244  print.o(.text)
    settings_store_startup_line              0x08003ced   Thumb Code    30  settings.o(.text)
    settings_write_coord_data                0x08003d0b   Thumb Code    30  settings.o(.text)
    write_global_settings                    0x08003d29   Thumb Code    22  settings.o(.text)
    settings_reset                           0x08003d3f   Thumb Code   114  settings.o(.text)
    settings_read_startup_line               0x08003db1   Thumb Code    50  settings.o(.text)
    settings_read_coord_data                 0x08003de3   Thumb Code    54  settings.o(.text)
    read_global_settings                     0x08003e19   Thumb Code    66  settings.o(.text)
    settings_store_global_setting            0x08003e5b   Thumb Code   604  settings.o(.text)
    settings_init                            0x080040b7   Thumb Code    54  settings.o(.text)
    mc_line                                  0x08004119   Thumb Code    92  motion_control.o(.text)
    mc_arc                                   0x08004175   Thumb Code   868  motion_control.o(.text)
    mc_dwell                                 0x080044d9   Thumb Code   164  motion_control.o(.text)
    mc_go_home                               0x0800457d   Thumb Code   244  motion_control.o(.text)
    mc_reset                                 0x08004671   Thumb Code    76  motion_control.o(.text)
    gc_init                                  0x080046d3   Thumb Code    52  gcode.o(.text)
    gc_set_current_position                  0x08004707   Thumb Code    80  gcode.o(.text)
    gc_execute_line                          0x080047db   Thumb Code  3106  gcode.o(.text)
    plan_reset_buffer                        0x08005851   Thumb Code    24  planner.o(.text)
    plan_init                                0x08005869   Thumb Code    16  planner.o(.text)
    plan_discard_current_block               0x08005879   Thumb Code    28  planner.o(.text)
    plan_get_current_block                   0x08005895   Thumb Code    28  planner.o(.text)
    plan_check_full_buffer                   0x080058b1   Thumb Code    20  planner.o(.text)
    plan_synchronize                         0x080058c5   Thumb Code    36  planner.o(.text)
    plan_buffer_line                         0x080058e9   Thumb Code  1444  planner.o(.text)
    plan_set_current_position                0x08005e8d   Thumb Code    10  planner.o(.text)
    plan_cycle_reinitialize                  0x08005e97   Thumb Code    74  planner.o(.text)
    __aeabi_memclr                           0x08005efd   Thumb Code     0  rt_memclr.o(.text)
    __rt_memclr                              0x08005efd   Thumb Code    68  rt_memclr.o(.text)
    _memset                                  0x08005f01   Thumb Code     0  rt_memclr.o(.text)
    __aeabi_memclr4                          0x08005f41   Thumb Code     0  rt_memclr_w.o(.text)
    __aeabi_memclr8                          0x08005f41   Thumb Code     0  rt_memclr_w.o(.text)
    __rt_memclr_w                            0x08005f41   Thumb Code    78  rt_memclr_w.o(.text)
    _memset_w                                0x08005f45   Thumb Code     0  rt_memclr_w.o(.text)
    __use_two_region_memory                  0x08005f8f   Thumb Code     2  heapauxi.o(.text)
    __rt_heap_escrow$2region                 0x08005f91   Thumb Code     2  heapauxi.o(.text)
    __rt_heap_expand$2region                 0x08005f93   Thumb Code     2  heapauxi.o(.text)
    __read_errno                             0x08005f95   Thumb Code    10  _rserrno.o(.text)
    __set_errno                              0x08005f9f   Thumb Code    12  _rserrno.o(.text)
    __aeabi_errno_addr                       0x08005fad   Thumb Code     8  rt_errno_addr_intlibspace.o(.text)
    __errno$intlibspace                      0x08005fad   Thumb Code     0  rt_errno_addr_intlibspace.o(.text)
    __rt_errno_addr$intlibspace              0x08005fad   Thumb Code     0  rt_errno_addr_intlibspace.o(.text)
    __user_libspace                          0x08005fb5   Thumb Code     8  libspace.o(.text)
    __user_perproc_libspace                  0x08005fb5   Thumb Code     0  libspace.o(.text)
    __user_perthread_libspace                0x08005fb5   Thumb Code     0  libspace.o(.text)
    __user_setup_stackheap                   0x08005fbd   Thumb Code    74  sys_stackheap_outer.o(.text)
    exit                                     0x08006007   Thumb Code    12  exit.o(.text)
    _sys_exit                                0x08006015   Thumb Code     8  sys_exit.o(.text)
    __I$use$semihosting                      0x08006021   Thumb Code     0  use_no_semi.o(.text)
    __use_no_semihosting_swi                 0x08006021   Thumb Code     2  use_no_semi.o(.text)
    __ARM_fpclassify                         0x08006023   Thumb Code    40  fpclassify.o(i.__ARM_fpclassify)
    __semihosting_library_function           0x08006023   Thumb Code     0  indicate_semi.o(.text)
    __ieee754_rem_pio2                       0x0800604d   Thumb Code   830  rred.o(i.__ieee754_rem_pio2)
    __kernel_cos                             0x080063d5   Thumb Code   230  cos_i.o(i.__kernel_cos)
    __kernel_poly                            0x080064d1   Thumb Code   170  poly.o(i.__kernel_poly)
    __kernel_sin                             0x0800657d   Thumb Code   224  sin_i.o(i.__kernel_sin)
    __mathlib_dbl_underflow                  0x08006669   Thumb Code    10  dunder.o(i.__mathlib_dbl_underflow)
    atan                                     0x08006679   Thumb Code   478  atan.o(i.atan)
    atan2                                    0x0800689d   Thumb Code   346  atan2.o(i.atan2)
    ceil                                     0x08006a1d   Thumb Code   204  ceil.o(i.ceil)
    cos                                      0x08006af9   Thumb Code   164  cos.o(i.cos)
    floor                                    0x08006ba5   Thumb Code   204  floor.o(i.floor)
    hypot                                    0x08006c81   Thumb Code   642  hypot.o(i.hypot)
    sin                                      0x08006f1d   Thumb Code   166  sin.o(i.sin)
    sqrt                                     0x08006fcd   Thumb Code    76  sqrt.o(i.sqrt)
    __aeabi_d2f                              0x08007019   Thumb Code     0  d2f.o(x$fpl$d2f)
    _d2f                                     0x08007019   Thumb Code    98  d2f.o(x$fpl$d2f)
    __aeabi_dadd                             0x0800707d   Thumb Code     0  daddsub_clz.o(x$fpl$dadd)
    _dadd                                    0x0800707d   Thumb Code   332  daddsub_clz.o(x$fpl$dadd)
    __fpl_dcheck_NaN1                        0x080071cd   Thumb Code    10  dcheck1.o(x$fpl$dcheck1)
    __fpl_dcmp_Inf                           0x080071dd   Thumb Code    24  dcmpi.o(x$fpl$dcmpinf)
    __aeabi_ddiv                             0x080071f5   Thumb Code     0  ddiv.o(x$fpl$ddiv)
    _ddiv                                    0x080071f5   Thumb Code   552  ddiv.o(x$fpl$ddiv)
    __aeabi_cdcmpeq                          0x080074a5   Thumb Code     0  deqf.o(x$fpl$deqf)
    _dcmpeq                                  0x080074a5   Thumb Code   120  deqf.o(x$fpl$deqf)
    __aeabi_d2iz                             0x0800751d   Thumb Code     0  dfix.o(x$fpl$dfix)
    _dfix                                    0x0800751d   Thumb Code    94  dfix.o(x$fpl$dfix)
    __aeabi_d2uiz                            0x0800757d   Thumb Code     0  dfixu.o(x$fpl$dfixu)
    _dfixu                                   0x0800757d   Thumb Code    90  dfixu.o(x$fpl$dfixu)
    __aeabi_i2d                              0x080075d7   Thumb Code     0  dflt_clz.o(x$fpl$dflt)
    _dflt                                    0x080075d7   Thumb Code    46  dflt_clz.o(x$fpl$dflt)
    __aeabi_ui2d                             0x08007605   Thumb Code     0  dflt_clz.o(x$fpl$dfltu)
    _dfltu                                   0x08007605   Thumb Code    38  dflt_clz.o(x$fpl$dfltu)
    __aeabi_cdcmple                          0x0800762d   Thumb Code     0  dleqf.o(x$fpl$dleqf)
    _dcmple                                  0x0800762d   Thumb Code   120  dleqf.o(x$fpl$dleqf)
    __fpl_dcmple_InfNaN                      0x0800768f   Thumb Code     0  dleqf.o(x$fpl$dleqf)
    __aeabi_dmul                             0x080076a5   Thumb Code     0  dmul.o(x$fpl$dmul)
    _dmul                                    0x080076a5   Thumb Code   332  dmul.o(x$fpl$dmul)
    __fpl_dnaninf                            0x080077f9   Thumb Code   156  dnaninf.o(x$fpl$dnaninf)
    __fpl_dretinf                            0x08007895   Thumb Code    12  dretinf.o(x$fpl$dretinf)
    __aeabi_cdrcmple                         0x080078a1   Thumb Code     0  drleqf.o(x$fpl$drleqf)
    _drcmple                                 0x080078a1   Thumb Code   108  drleqf.o(x$fpl$drleqf)
    __aeabi_drsub                            0x0800790d   Thumb Code     0  daddsub_clz.o(x$fpl$drsb)
    _drsb                                    0x0800790d   Thumb Code    22  daddsub_clz.o(x$fpl$drsb)
    _dsqrt                                   0x08007925   Thumb Code   456  dsqrt_noumaal.o(x$fpl$dsqrt)
    __aeabi_dsub                             0x08007af1   Thumb Code     0  daddsub_clz.o(x$fpl$dsub)
    _dsub                                    0x08007af1   Thumb Code   464  daddsub_clz.o(x$fpl$dsub)
    __aeabi_f2d                              0x08007cc5   Thumb Code     0  f2d.o(x$fpl$f2d)
    _f2d                                     0x08007cc5   Thumb Code    86  f2d.o(x$fpl$f2d)
    __aeabi_fadd                             0x08007d1d   Thumb Code     0  faddsub_clz.o(x$fpl$fadd)
    _fadd                                    0x08007d1d   Thumb Code   196  faddsub_clz.o(x$fpl$fadd)
    __fpl_fcmp_Inf                           0x08007de1   Thumb Code    24  fcmpi.o(x$fpl$fcmpinf)
    __aeabi_fdiv                             0x08007df9   Thumb Code     0  fdiv.o(x$fpl$fdiv)
    _fdiv                                    0x08007df9   Thumb Code   384  fdiv.o(x$fpl$fdiv)
    __aeabi_cfcmpeq                          0x08007f7d   Thumb Code     0  feqf.o(x$fpl$feqf)
    _fcmpeq                                  0x08007f7d   Thumb Code   104  feqf.o(x$fpl$feqf)
    __aeabi_f2iz                             0x08007fe5   Thumb Code     0  ffix.o(x$fpl$ffix)
    _ffix                                    0x08007fe5   Thumb Code    54  ffix.o(x$fpl$ffix)
    __aeabi_f2uiz                            0x0800801d   Thumb Code     0  ffixu.o(x$fpl$ffixu)
    _ffixu                                   0x0800801d   Thumb Code    62  ffixu.o(x$fpl$ffixu)
    __aeabi_i2f                              0x0800805d   Thumb Code     0  fflt_clz.o(x$fpl$fflt)
    _fflt                                    0x0800805d   Thumb Code    48  fflt_clz.o(x$fpl$fflt)
    __aeabi_ui2f                             0x0800808d   Thumb Code     0  fflt_clz.o(x$fpl$ffltu)
    _ffltu                                   0x0800808d   Thumb Code    38  fflt_clz.o(x$fpl$ffltu)
    __aeabi_cfcmple                          0x080080b5   Thumb Code     0  fleqf.o(x$fpl$fleqf)
    _fcmple                                  0x080080b5   Thumb Code   104  fleqf.o(x$fpl$fleqf)
    __fpl_fcmple_InfNaN                      0x08008107   Thumb Code     0  fleqf.o(x$fpl$fleqf)
    __aeabi_fmul                             0x0800811d   Thumb Code     0  fmul.o(x$fpl$fmul)
    _fmul                                    0x0800811d   Thumb Code   258  fmul.o(x$fpl$fmul)
    __fpl_fnaninf                            0x0800821f   Thumb Code   140  fnaninf.o(x$fpl$fnaninf)
    __fpl_fretinf                            0x080082ab   Thumb Code    10  fretinf.o(x$fpl$fretinf)
    __aeabi_cfrcmple                         0x080082b5   Thumb Code     0  frleqf.o(x$fpl$frleqf)
    _frcmple                                 0x080082b5   Thumb Code    98  frleqf.o(x$fpl$frleqf)
    __aeabi_frsub                            0x08008317   Thumb Code     0  faddsub_clz.o(x$fpl$frsb)
    _frsb                                    0x08008317   Thumb Code    20  faddsub_clz.o(x$fpl$frsb)
    __aeabi_fsub                             0x0800832d   Thumb Code     0  faddsub_clz.o(x$fpl$fsub)
    _fsub                                    0x0800832d   Thumb Code   234  faddsub_clz.o(x$fpl$fsub)
    __fpl_return_NaN                         0x08008417   Thumb Code   100  retnan.o(x$fpl$retnan)
    __ARM_scalbn                             0x0800847b   Thumb Code    92  scalbn.o(x$fpl$scalbn)
    __fpl_cmpreturn                          0x080084d7   Thumb Code    48  trapv.o(x$fpl$trapveneer)
    __I$use$fp                               0x08008506   Number         0  usenofp.o(x$fpl$usenofp)
    __mathlib_zero                           0x080085e8   Data           8  qnan.o(.constdata)
    Region$$Table$$Base                      0x08008810   Number         0  anon$$obj.o(Region$$Table)
    Region$$Table$$Limit                     0x08008830   Number         0  anon$$obj.o(Region$$Table)
    rx_buffer_head                           0x2000000b   Data           1  serial.o(.data)
    rx_buffer_tail                           0x2000000c   Data           1  serial.o(.data)
    tx_buffer_head                           0x2000000d   Data           1  serial.o(.data)
    tx_buffer_tail                           0x2000000e   Data           1  serial.o(.data)
    sys                                      0x20000018   Data          20  main.o(.bss)
    STM32_EEPROM_cache                       0x2000002c   Data        1024  hw_eeprom.o(.bss)
    STMFLASH_BUF                             0x2000042c   Data        1024  hw_eeprom.o(.bss)
    rx_buffer                                0x20000850   Data         128  serial.o(.bss)
    tx_buffer                                0x200008d0   Data          64  serial.o(.bss)
    settings                                 0x20000958   Data          64  settings.o(.bss)
    gc                                       0x20000998   Data          56  gcode.o(.bss)
    __libspace_start                         0x20000e6c   Data          96  libspace.o(.bss)
    __temporary_stack_top$libspace           0x20000ecc   Data           0  libspace.o(.bss)



==============================================================================

Memory Map of the image

  Image Entry point : 0x08000131

  Load Region LR_IROM1 (Base: 0x08000000, Size: 0x00008848, Max: 0x00020000, ABSOLUTE)

    Execution Region ER_IROM1 (Base: 0x08000000, Size: 0x00008830, Max: 0x00020000, ABSOLUTE)

    Base Addr    Size         Type   Attr      Idx    E Section Name        Object

    0x08000000   0x00000130   Data   RO          354    RESET               stm32f10x_vector.o
    0x08000130   0x00000008   Code   RO          721  * !!!main             c_w.l(__main.o)
    0x08000138   0x00000034   Code   RO         1052    !!!scatter          c_w.l(__scatter.o)
    0x0800016c   0x0000001a   Code   RO         1054    !!handler_copy      c_w.l(__scatter_copy.o)
    0x08000186   0x00000002   PAD
    0x08000188   0x0000001c   Code   RO         1056    !!handler_zi        c_w.l(__scatter_zi.o)
    0x080001a4   0x00000002   Code   RO          924    .ARM.Collect$$libinit$$00000000  c_w.l(libinit.o)
    0x080001a6   0x00000000   Code   RO          930    .ARM.Collect$$libinit$$00000002  c_w.l(libinit2.o)
    0x080001a6   0x00000000   Code   RO          933    .ARM.Collect$$libinit$$00000008  c_w.l(libinit2.o)
    0x080001a6   0x00000000   Code   RO          935    .ARM.Collect$$libinit$$0000000A  c_w.l(libinit2.o)
    0x080001a6   0x00000000   Code   RO          937    .ARM.Collect$$libinit$$0000000C  c_w.l(libinit2.o)
    0x080001a6   0x00000000   Code   RO          940    .ARM.Collect$$libinit$$0000000F  c_w.l(libinit2.o)
    0x080001a6   0x00000000   Code   RO          942    .ARM.Collect$$libinit$$00000011  c_w.l(libinit2.o)
    0x080001a6   0x00000000   Code   RO          944    .ARM.Collect$$libinit$$00000013  c_w.l(libinit2.o)
    0x080001a6   0x00000000   Code   RO          946    .ARM.Collect$$libinit$$00000015  c_w.l(libinit2.o)
    0x080001a6   0x00000000   Code   RO          948    .ARM.Collect$$libinit$$00000017  c_w.l(libinit2.o)
    0x080001a6   0x00000000   Code   RO          950    .ARM.Collect$$libinit$$00000019  c_w.l(libinit2.o)
    0x080001a6   0x00000000   Code   RO          952    .ARM.Collect$$libinit$$0000001B  c_w.l(libinit2.o)
    0x080001a6   0x00000000   Code   RO          954    .ARM.Collect$$libinit$$0000001D  c_w.l(libinit2.o)
    0x080001a6   0x00000000   Code   RO          956    .ARM.Collect$$libinit$$0000001F  c_w.l(libinit2.o)
    0x080001a6   0x00000000   Code   RO          958    .ARM.Collect$$libinit$$00000021  c_w.l(libinit2.o)
    0x080001a6   0x00000000   Code   RO          960    .ARM.Collect$$libinit$$00000023  c_w.l(libinit2.o)
    0x080001a6   0x00000000   Code   RO          964    .ARM.Collect$$libinit$$0000002A  c_w.l(libinit2.o)
    0x080001a6   0x00000000   Code   RO          966    .ARM.Collect$$libinit$$0000002C  c_w.l(libinit2.o)
    0x080001a6   0x00000000   Code   RO          968    .ARM.Collect$$libinit$$0000002E  c_w.l(libinit2.o)
    0x080001a6   0x00000000   Code   RO          970    .ARM.Collect$$libinit$$00000030  c_w.l(libinit2.o)
    0x080001a6   0x00000002   Code   RO          971    .ARM.Collect$$libinit$$00000031  c_w.l(libinit2.o)
    0x080001a8   0x00000002   Code   RO          993    .ARM.Collect$$libshutdown$$00000000  c_w.l(libshutdown.o)
    0x080001aa   0x00000000   Code   RO         1007    .ARM.Collect$$libshutdown$$00000003  c_w.l(libshutdown2.o)
    0x080001aa   0x00000000   Code   RO         1010    .ARM.Collect$$libshutdown$$00000006  c_w.l(libshutdown2.o)
    0x080001aa   0x00000000   Code   RO         1013    .ARM.Collect$$libshutdown$$00000009  c_w.l(libshutdown2.o)
    0x080001aa   0x00000000   Code   RO         1015    .ARM.Collect$$libshutdown$$0000000B  c_w.l(libshutdown2.o)
    0x080001aa   0x00000000   Code   RO         1018    .ARM.Collect$$libshutdown$$0000000E  c_w.l(libshutdown2.o)
    0x080001aa   0x00000002   Code   RO         1019    .ARM.Collect$$libshutdown$$0000000F  c_w.l(libshutdown2.o)
    0x080001ac   0x00000000   Code   RO          839    .ARM.Collect$$rtentry$$00000000  c_w.l(rtentry.o)
    0x080001ac   0x00000000   Code   RO          889    .ARM.Collect$$rtentry$$00000002  c_w.l(rtentry2.o)
    0x080001ac   0x00000006   Code   RO          901    .ARM.Collect$$rtentry$$00000004  c_w.l(rtentry4.o)
    0x080001b2   0x00000000   Code   RO          891    .ARM.Collect$$rtentry$$00000009  c_w.l(rtentry2.o)
    0x080001b2   0x00000004   Code   RO          892    .ARM.Collect$$rtentry$$0000000A  c_w.l(rtentry2.o)
    0x080001b6   0x00000000   Code   RO          894    .ARM.Collect$$rtentry$$0000000C  c_w.l(rtentry2.o)
    0x080001b6   0x00000008   Code   RO          895    .ARM.Collect$$rtentry$$0000000D  c_w.l(rtentry2.o)
    0x080001be   0x00000002   Code   RO          927    .ARM.Collect$$rtexit$$00000000  c_w.l(rtexit.o)
    0x080001c0   0x00000000   Code   RO          975    .ARM.Collect$$rtexit$$00000002  c_w.l(rtexit2.o)
    0x080001c0   0x00000004   Code   RO          976    .ARM.Collect$$rtexit$$00000003  c_w.l(rtexit2.o)
    0x080001c4   0x00000006   Code   RO          977    .ARM.Collect$$rtexit$$00000004  c_w.l(rtexit2.o)
    0x080001ca   0x00000002   PAD
    0x080001cc   0x000000d0   Code   RO            1    .text               main.o
    0x0800029c   0x0000007e   Code   RO          202    .text               stm32f10x_it.o
    0x0800031a   0x00000002   PAD
    0x0800031c   0x000003a0   Code   RO          301    .text               stm32f10x_rcc.o
    0x080006bc   0x000003d8   Code   RO          324    .text               stm32f10x_nvic.o
    0x08000a94   0x00000370   Code   RO          336    .text               stm32f10x_usart.o
    0x08000e04   0x0000007a   Code   RO          348    .text               cortexm3_macro.o
    0x08000e7e   0x00000002   PAD
    0x08000e80   0x00000024   Code   RO          355    .text               stm32f10x_vector.o
    0x08000ea4   0x000001f0   Code   RO          359    .text               system.o
    0x08001094   0x000000b0   Code   RO          374    .text               delay.o
    0x08001144   0x00000190   Code   RO          391    .text               hw_gpio.o
    0x080012d4   0x00000300   Code   RO          407    .text               hw_eeprom.o
    0x080015d4   0x0000004c   Code   RO          422    .text               hw_tim.o
    0x08001620   0x00000080   Code   RO          434    .text               hw_usart.o
    0x080016a0   0x000000a4   Code   RO          446    .text               hw_exti.o
    0x08001744   0x00000870   Code   RO          458    .text               stepper.o
    0x08001fb4   0x00000158   Code   RO          530    .text               serial.o
    0x0800210c   0x00000544   Code   RO          546    .text               limits.o
    0x08002650   0x0000047c   Code   RO          558    .text               protocol.o
    0x08002acc   0x0000006c   Code   RO          573    .text               spindle_control.o
    0x08002b38   0x00000050   Code   RO          587    .text               coolant_control.o
    0x08002b88   0x000001d0   Code   RO          601    .text               nuts_bolts.o
    0x08002d58   0x000000c0   Code   RO          613    .text               eeprom.o
    0x08002e18   0x00000d08   Code   RO          625    .text               report.o
    0x08003b20   0x000001cc   Code   RO          638    .text               print.o
    0x08003cec   0x0000042c   Code   RO          650    .text               settings.o
    0x08004118   0x000005b0   Code   RO          668    .text               motion_control.o
    0x080046c8   0x00000d3c   Code   RO          680    .text               gcode.o
    0x08005404   0x00000af8   Code   RO          698    .text               planner.o
    0x08005efc   0x00000044   Code   RO          715    .text               c_w.l(rt_memclr.o)
    0x08005f40   0x0000004e   Code   RO          717    .text               c_w.l(rt_memclr_w.o)
    0x08005f8e   0x00000006   Code   RO          719    .text               c_w.l(heapauxi.o)
    0x08005f94   0x00000016   Code   RO          840    .text               c_w.l(_rserrno.o)
    0x08005faa   0x00000002   PAD
    0x08005fac   0x00000008   Code   RO          906    .text               c_w.l(rt_errno_addr_intlibspace.o)
    0x08005fb4   0x00000008   Code   RO          912    .text               c_w.l(libspace.o)
    0x08005fbc   0x0000004a   Code   RO          915    .text               c_w.l(sys_stackheap_outer.o)
    0x08006006   0x0000000c   Code   RO          917    .text               c_w.l(exit.o)
    0x08006012   0x00000002   PAD
    0x08006014   0x0000000c   Code   RO          985    .text               c_w.l(sys_exit.o)
    0x08006020   0x00000002   Code   RO          996    .text               c_w.l(use_no_semi.o)
    0x08006022   0x00000000   Code   RO          998    .text               c_w.l(indicate_semi.o)
    0x08006022   0x00000028   Code   RO          874    i.__ARM_fpclassify  m_ws.l(fpclassify.o)
    0x0800604a   0x00000002   PAD
    0x0800604c   0x00000388   Code   RO          877    i.__ieee754_rem_pio2  m_ws.l(rred.o)
    0x080063d4   0x000000fc   Code   RO          869    i.__kernel_cos      m_ws.l(cos_i.o)
    0x080064d0   0x000000aa   Code   RO          910    i.__kernel_poly     m_ws.l(poly.o)
    0x0800657a   0x00000002   PAD
    0x0800657c   0x000000ec   Code   RO          882    i.__kernel_sin      m_ws.l(sin_i.o)
    0x08006668   0x00000010   Code   RO          872    i.__mathlib_dbl_underflow  m_ws.l(dunder.o)
    0x08006678   0x00000224   Code   RO          860    i.atan              m_ws.l(atan.o)
    0x0800689c   0x00000180   Code   RO          792    i.atan2             m_ws.l(atan2.o)
    0x08006a1c   0x000000dc   Code   RO          800    i.ceil              m_ws.l(ceil.o)
    0x08006af8   0x000000ac   Code   RO          804    i.cos               m_ws.l(cos.o)
    0x08006ba4   0x000000dc   Code   RO          812    i.floor             m_ws.l(floor.o)
    0x08006c80   0x0000029c   Code   RO          816    i.hypot             m_ws.l(hypot.o)
    0x08006f1c   0x000000b0   Code   RO          824    i.sin               m_ws.l(sin.o)
    0x08006fcc   0x0000004c   Code   RO          832    i.sqrt              m_ws.l(sqrt.o)
    0x08007018   0x00000062   Code   RO          723    x$fpl$d2f           fz_ws.l(d2f.o)
    0x0800707a   0x00000002   PAD
    0x0800707c   0x00000150   Code   RO          725    x$fpl$dadd          fz_ws.l(daddsub_clz.o)
    0x080071cc   0x00000010   Code   RO          908    x$fpl$dcheck1       fz_ws.l(dcheck1.o)
    0x080071dc   0x00000018   Code   RO          842    x$fpl$dcmpinf       fz_ws.l(dcmpi.o)
    0x080071f4   0x000002b0   Code   RO          732    x$fpl$ddiv          fz_ws.l(ddiv.o)
    0x080074a4   0x00000078   Code   RO          735    x$fpl$deqf          fz_ws.l(deqf.o)
    0x0800751c   0x0000005e   Code   RO          737    x$fpl$dfix          fz_ws.l(dfix.o)
    0x0800757a   0x00000002   PAD
    0x0800757c   0x0000005a   Code   RO          741    x$fpl$dfixu         fz_ws.l(dfixu.o)
    0x080075d6   0x0000002e   Code   RO          746    x$fpl$dflt          fz_ws.l(dflt_clz.o)
    0x08007604   0x00000026   Code   RO          745    x$fpl$dfltu         fz_ws.l(dflt_clz.o)
    0x0800762a   0x00000002   PAD
    0x0800762c   0x00000078   Code   RO          751    x$fpl$dleqf         fz_ws.l(dleqf.o)
    0x080076a4   0x00000154   Code   RO          753    x$fpl$dmul          fz_ws.l(dmul.o)
    0x080077f8   0x0000009c   Code   RO          844    x$fpl$dnaninf       fz_ws.l(dnaninf.o)
    0x08007894   0x0000000c   Code   RO          846    x$fpl$dretinf       fz_ws.l(dretinf.o)
    0x080078a0   0x0000006c   Code   RO          755    x$fpl$drleqf        fz_ws.l(drleqf.o)
    0x0800790c   0x00000016   Code   RO          726    x$fpl$drsb          fz_ws.l(daddsub_clz.o)
    0x08007922   0x00000002   PAD
    0x08007924   0x000001cc   Code   RO          848    x$fpl$dsqrt         fz_ws.l(dsqrt_noumaal.o)
    0x08007af0   0x000001d4   Code   RO          727    x$fpl$dsub          fz_ws.l(daddsub_clz.o)
    0x08007cc4   0x00000056   Code   RO          757    x$fpl$f2d           fz_ws.l(f2d.o)
    0x08007d1a   0x00000002   PAD
    0x08007d1c   0x000000c4   Code   RO          759    x$fpl$fadd          fz_ws.l(faddsub_clz.o)
    0x08007de0   0x00000018   Code   RO          850    x$fpl$fcmpinf       fz_ws.l(fcmpi.o)
    0x08007df8   0x00000184   Code   RO          766    x$fpl$fdiv          fz_ws.l(fdiv.o)
    0x08007f7c   0x00000068   Code   RO          769    x$fpl$feqf          fz_ws.l(feqf.o)
    0x08007fe4   0x00000036   Code   RO          771    x$fpl$ffix          fz_ws.l(ffix.o)
    0x0800801a   0x00000002   PAD
    0x0800801c   0x0000003e   Code   RO          775    x$fpl$ffixu         fz_ws.l(ffixu.o)
    0x0800805a   0x00000002   PAD
    0x0800805c   0x00000030   Code   RO          780    x$fpl$fflt          fz_ws.l(fflt_clz.o)
    0x0800808c   0x00000026   Code   RO          779    x$fpl$ffltu         fz_ws.l(fflt_clz.o)
    0x080080b2   0x00000002   PAD
    0x080080b4   0x00000068   Code   RO          785    x$fpl$fleqf         fz_ws.l(fleqf.o)
    0x0800811c   0x00000102   Code   RO          787    x$fpl$fmul          fz_ws.l(fmul.o)
    0x0800821e   0x0000008c   Code   RO          852    x$fpl$fnaninf       fz_ws.l(fnaninf.o)
    0x080082aa   0x0000000a   Code   RO          854    x$fpl$fretinf       fz_ws.l(fretinf.o)
    0x080082b4   0x00000062   Code   RO          789    x$fpl$frleqf        fz_ws.l(frleqf.o)
    0x08008316   0x00000014   Code   RO          760    x$fpl$frsb          fz_ws.l(faddsub_clz.o)
    0x0800832a   0x00000002   PAD
    0x0800832c   0x000000ea   Code   RO          761    x$fpl$fsub          fz_ws.l(faddsub_clz.o)
    0x08008416   0x00000064   Code   RO          925    x$fpl$retnan        fz_ws.l(retnan.o)
    0x0800847a   0x0000005c   Code   RO          856    x$fpl$scalbn        fz_ws.l(scalbn.o)
    0x080084d6   0x00000030   Code   RO          972    x$fpl$trapveneer    fz_ws.l(trapv.o)
    0x08008506   0x00000000   Code   RO          858    x$fpl$usenofp       fz_ws.l(usenofp.o)
    0x08008506   0x00000014   Data   RO          302    .constdata          stm32f10x_rcc.o
    0x0800851a   0x00000006   PAD
    0x08008520   0x00000098   Data   RO          861    .constdata          m_ws.l(atan.o)
    0x080085b8   0x00000030   Data   RO          870    .constdata          m_ws.l(cos_i.o)
    0x080085e8   0x00000008   Data   RO          876    .constdata          m_ws.l(qnan.o)
    0x080085f0   0x000000c8   Data   RO          879    .constdata          m_ws.l(rred.o)
    0x080086b8   0x00000028   Data   RO          883    .constdata          m_ws.l(sin_i.o)
    0x080086e0   0x0000012e   Data   RO          626    .conststring        report.o
    0x0800880e   0x00000002   PAD
    0x08008810   0x00000020   Data   RO         1050    Region$$Table       anon$$obj.o


    Execution Region RW_IRAM1 (Base: 0x20000000, Size: 0x000016d0, Max: 0x00005000, ABSOLUTE)

    Base Addr    Size         Type   Attr      Idx    E Section Name        Object

    0x20000000   0x00000004   Data   RW          375    .data               delay.o
    0x20000004   0x00000007   Data   RW          460    .data               stepper.o
    0x2000000b   0x00000004   Data   RW          532    .data               serial.o
    0x2000000f   0x00000002   Data   RW          560    .data               protocol.o
    0x20000011   0x00000001   Data   RW          574    .data               spindle_control.o
    0x20000012   0x00000001   Data   RW          588    .data               coolant_control.o
    0x20000013   0x00000003   Data   RW          700    .data               planner.o
    0x20000016   0x00000002   PAD
    0x20000018   0x00000014   Zero   RW            2    .bss                main.o
    0x2000002c   0x00000800   Zero   RW          408    .bss                hw_eeprom.o
    0x2000082c   0x00000024   Zero   RW          459    .bss                stepper.o
    0x20000850   0x000000c0   Zero   RW          531    .bss                serial.o
    0x20000910   0x00000046   Zero   RW          559    .bss                protocol.o
    0x20000956   0x00000002   PAD
    0x20000958   0x00000040   Zero   RW          651    .bss                settings.o
    0x20000998   0x00000038   Zero   RW          681    .bss                gcode.o
    0x200009d0   0x0000049c   Zero   RW          699    .bss                planner.o
    0x20000e6c   0x00000060   Zero   RW          913    .bss                c_w.l(libspace.o)
    0x20000ecc   0x00000004   PAD
    0x20000ed0   0x00000400   Zero   RW          353    HEAP                stm32f10x_vector.o
    0x200012d0   0x00000400   Zero   RW          352    STACK               stm32f10x_vector.o


==============================================================================

Image component sizes


      Code (inc. data)   RO Data    RW Data    ZI Data      Debug   Object Name

        80          8          0          1          0       1080   coolant_control.o
       122          0          0          0          0        396   cortexm3_macro.o
       176          8          0          4          0       1073   delay.o
       192          0          0          0          0       1590   eeprom.o
      3388        142          0          0         56       6427   gcode.o
       768         28          0          0       2048       4525   hw_eeprom.o
       164          6          0          0          0        914   hw_exti.o
       400         14          0          0          0        635   hw_gpio.o
        76         12          0          0          0        502   hw_tim.o
       128         12          0          0          0        604   hw_usart.o
      1348         50          0          0          0       2568   limits.o
       208         10          0          0         20      13801   main.o
      1456         44          0          0          0       3118   motion_control.o
       464         26          0          0          0       2165   nuts_bolts.o
      2808        102          0          3       1180       6671   planner.o
       460         18          0          0          0       1815   print.o
      1148         44          0          2         70       3208   protocol.o
      3336       1506        302          0          0       3517   report.o
       344         32          0          4        192       2440   serial.o
      1068         68          0          0         64       4481   settings.o
       108          8          0          1          0       1100   spindle_control.o
      2160        102          0          7         36       4983   stepper.o
       126          0          0          0          0     205465   stm32f10x_it.o
       984         30          0          0          0       7136   stm32f10x_nvic.o
       928         36         20          0          0       8700   stm32f10x_rcc.o
       880         12          0          0          0       7655   stm32f10x_usart.o
        36         22        304          0       2048        376   stm32f10x_vector.o
       496         40          0          0          0       1842   system.o

    ----------------------------------------------------------------------
     23856       2380        666         24       5716     298787   Object Totals
         0          0         32          0          0          0   (incl. Generated)
         4          0          8          2          2          0   (incl. Padding)

    ----------------------------------------------------------------------

      Code (inc. data)   RO Data    RW Data    ZI Data      Debug   Library Member Name

         8          0          0          0          0         68   __main.o
        52          8          0          0          0          0   __scatter.o
        26          0          0          0          0          0   __scatter_copy.o
        28          0          0          0          0          0   __scatter_zi.o
        22          0          0          0          0        100   _rserrno.o
        12          0          0          0          0         72   exit.o
         6          0          0          0          0        152   heapauxi.o
         0          0          0          0          0          0   indicate_semi.o
         2          0          0          0          0          0   libinit.o
         2          0          0          0          0          0   libinit2.o
         2          0          0          0          0          0   libshutdown.o
         2          0          0          0          0          0   libshutdown2.o
         8          4          0          0         96         68   libspace.o
         8          4          0          0          0         68   rt_errno_addr_intlibspace.o
        68          0          0          0          0         68   rt_memclr.o
        78          0          0          0          0         80   rt_memclr_w.o
         0          0          0          0          0          0   rtentry.o
        12          0          0          0          0          0   rtentry2.o
         6          0          0          0          0          0   rtentry4.o
         2          0          0          0          0          0   rtexit.o
        10          0          0          0          0          0   rtexit2.o
        12          4          0          0          0         68   sys_exit.o
        74          0          0          0          0         80   sys_stackheap_outer.o
         2          0          0          0          0         68   use_no_semi.o
        98          4          0          0          0         92   d2f.o
       826         16          0          0          0        348   daddsub_clz.o
        16          4          0          0          0         68   dcheck1.o
        24          0          0          0          0         68   dcmpi.o
       688        140          0          0          0        208   ddiv.o
       120          4          0          0          0         92   deqf.o
        94          4          0          0          0         92   dfix.o
        90          4          0          0          0         92   dfixu.o
        84          0          0          0          0        136   dflt_clz.o
       120          4          0          0          0         92   dleqf.o
       340         12          0          0          0        104   dmul.o
       156          4          0          0          0         92   dnaninf.o
        12          0          0          0          0         68   dretinf.o
       108          0          0          0          0         80   drleqf.o
       460         56          0          0          0        120   dsqrt_noumaal.o
        86          4          0          0          0         84   f2d.o
       450          8          0          0          0        236   faddsub_clz.o
        24          0          0          0          0         68   fcmpi.o
       388         76          0          0          0         96   fdiv.o
       104          4          0          0          0         84   feqf.o
        54          4          0          0          0         84   ffix.o
        62          4          0          0          0         84   ffixu.o
        86          0          0          0          0        136   fflt_clz.o
       104          4          0          0          0         84   fleqf.o
       258          4          0          0          0         84   fmul.o
       140          4          0          0          0         84   fnaninf.o
        10          0          0          0          0         68   fretinf.o
        98          0          0          0          0         68   frleqf.o
       100          0          0          0          0         68   retnan.o
        92          0          0          0          0         68   scalbn.o
        48          0          0          0          0         68   trapv.o
         0          0          0          0          0          0   usenofp.o
       548         70        152          0          0        124   atan.o
       384         38          0          0          0        144   atan2.o
       220         16          0          0          0         84   ceil.o
       172          8          0          0          0        112   cos.o
       252         22         48          0          0        124   cos_i.o
        16          6          0          0          0         68   dunder.o
       220         16          0          0          0         84   floor.o
        40          0          0          0          0         68   fpclassify.o
       668         26          0          0          0        160   hypot.o
       170          0          0          0          0         96   poly.o
         0          0          8          0          0          0   qnan.o
       904         74        200          0          0        140   rred.o
       176         10          0          0          0        116   sin.o
       236         12         40          0          0        128   sin_i.o
        76          0          0          0          0         84   sqrt.o

    ----------------------------------------------------------------------
      9894        682        448          0        100       5640   Library Totals
        30          0          0          0          4          0   (incl. Padding)

    ----------------------------------------------------------------------

      Code (inc. data)   RO Data    RW Data    ZI Data      Debug   Library Name

       442         20          0          0         96        892   c_w.l
      5340        364          0          0          0       3216   fz_ws.l
      4082        298        448          0          0       1532   m_ws.l

    ----------------------------------------------------------------------
      9894        682        448          0        100       5640   Library Totals

    ----------------------------------------------------------------------

==============================================================================


      Code (inc. data)   RO Data    RW Data    ZI Data      Debug   

     33750       3062       1114         24       5816     299327   Grand Totals
     33750       3062       1114         24       5816     299327   ELF Image Totals
     33750       3062       1114         24          0          0   ROM Totals

==============================================================================

    Total RO  Size (Code + RO Data)                34864 (  34.05kB)
    Total RW  Size (RW Data + ZI Data)              5840 (   5.70kB)
    Total ROM Size (Code + RO Data + RW Data)      34888 (  34.07kB)

==============================================================================

